MPLINK 5.00, LINKER
Linker Map File - Created Thu Sep 03 11:57:37 2015

                                 Section Info
                  Section       Type    Address   Location Size(Bytes)
                ---------  ---------  ---------  ---------  ---------
               _entry_scn       code   0x000000    program   0x000006
       .code__user_putc.o       code   0x000006    program   0x000002
               highVector       code   0x000008    program   0x000006
           .romdata_spi.o    romdata   0x00000e    program   0x000008
           .code___init.o       code   0x000016    program   0x000002
               lowhVector       code   0x000018    program   0x000006
                   .cinit    romdata   0x00001e    program   0x000062
          .code_MiWiPRO.o       code   0x000080    program   0x007388
.code_Cisternas Unison 2.0.o       code   0x007408    program   0x002968
          .code_MRF89XA.o       code   0x009d70    program   0x00111a
         .code_vfprintf.o       code   0x00ae8a    program   0x000c22
             .stringtable    romdata   0x00baac    program   0x0009b1
      .romdata_swptsi2c.o    romdata   0x00c45d    program   0x000000
      .idata_swptci2c.o_i    romdata   0x00c45d    program   0x000000
      .romdata_swgtsi2c.o    romdata   0x00c45d    program   0x000000
      .idata_swgtci2c.o_i    romdata   0x00c45d    program   0x000000
        .romdata_st7032.o    romdata   0x00c45d    program   0x000000
      .romdata_swckti2c.o    romdata   0x00c45d    program   0x000000
      .idata_swacki2c.o_i    romdata   0x00c45d    program   0x000000
       .idata_pow2x16.o_i    romdata   0x00c45d    program   0x000000
    .romdata_eeprom25xx.o    romdata   0x00c45d    program   0x000000
           .romdata_P2P.o    romdata   0x00c45d    program   0x000000
           .idata_P2P.o_i    romdata   0x00c45d    program   0x000000
       .romdata_pow2x16.o    romdata   0x00c45d    program   0x000000
          .romdata_MiWi.o    romdata   0x00c45d    program   0x000000
          .idata_MiWi.o_i    romdata   0x00c45d    program   0x000000
      .romdata_fxd1616u.o    romdata   0x00c45d    program   0x000000
      .idata_fxd0808u.o_i    romdata   0x00c45d    program   0x000000
.romdata_Cisternas Unison 2.0.o    romdata   0x00c45d    program   0x000000
       .romdata_fxm3232.o    romdata   0x00c45d    program   0x000000
      .romdata_security.o    romdata   0x00c45d    program   0x000000
      .idata_security.o_i    romdata   0x00c45d    program   0x000000
           .romdata_crc.o    romdata   0x00c45d    program   0x000000
           .idata_crc.o_i    romdata   0x00c45d    program   0x000000
        .idata_u1open.o_i    romdata   0x00c45d    program   0x000000
        .romdata_u1open.o    romdata   0x00c45d    program   0x000000
        .idata_u2open.o_i    romdata   0x00c45d    program   0x000000
        .romdata_u2open.o    romdata   0x00c45d    program   0x000000
       .idata_t1write.o_i    romdata   0x00c45d    program   0x000000
       .romdata_t1write.o    romdata   0x00c45d    program   0x000000
      .idata_swstri2c.o_i    romdata   0x00c45d    program   0x000000
      .romdata_swstpi2c.o    romdata   0x00c45d    program   0x000000
      .idata_swrsti2c.o_i    romdata   0x00c45d    program   0x000000
    .idata_DemoOutput.o_i    romdata   0x00c45d    program   0x000000
.idata_HardwareProfile.o_i    romdata   0x00c45d    program   0x000000
.romdata_HardwareProfile.o    romdata   0x00c45d    program   0x000000
     .romdata_TimeDelay.o    romdata   0x00c45d    program   0x000000
     .idata_TimeDelay.o_i    romdata   0x00c45d    program   0x000000
    .romdata__user_putc.o    romdata   0x00c45d    program   0x000000
    .idata__user_putc.o_i    romdata   0x00c45d    program   0x000000
    .idata_MAC_EEProm.o_i    romdata   0x00c45d    program   0x000000
    .romdata_MAC_EEProm.o    romdata   0x00c45d    program   0x000000
      .idata_fxd3232u.o_i    romdata   0x00c45d    program   0x000000
        .romdata_system.o    romdata   0x00c45d    program   0x000000
            .code_c018i.o       code   0x00c45e    program   0x000000
         .code_security.o       code   0x00c45e    program   0x000000
             .code_MiWi.o       code   0x00c45e    program   0x000000
       .code_eeprom25xx.o       code   0x00c45e    program   0x000952
           .code_st7032.o       code   0x00cdb0    program   0x00059c
       .code_DemoOutput.o       code   0x00d34c    program   0x000340
            .code_gpios.o       code   0x00d68c    program   0x0002c2
      .code_LCDBlocking.o       code   0x00d94e    program   0x000242
  .code_HardwareProfile.o       code   0x00db90    program   0x000234
           .code_delays.o       code   0x00ddc4    program   0x000224
        .code_TimeDelay.o       code   0x00dfe8    program   0x000224
              .code_NVM.o       code   0x00e20c    program   0x0001a6
          .code_Console.o       code   0x00e3b2    program   0x000188
              .code_spi.o       code   0x00e53a    program   0x00017a
       .code_MAC_EEProm.o       code   0x00e6b4    program   0x000112
           .code_system.o       code   0x00e7c6    program   0x0000fc
    .romdata_DemoOutput.o    romdata   0x00e8c2    program   0x0000c0
       .code_SymbolTime.o       code   0x00e982    program   0x0000c0
          .code_sprintf.o       code   0x00ea42    program   0x0000ac
               _cinit_scn       code   0x00eaee    program   0x00009e
                   STRING       code   0x00eb8c    program   0x00009a
         .code_swgtsi2c.o       code   0x00ec26    program   0x00008c
             .code_putc.o       code   0x00ecb2    program   0x000084
       .romdata_MRF89XA.o    romdata   0x00ed36    program   0x000080
         .code_swptci2c.o       code   0x00edb6    program   0x00007c
           .code_u2open.o       code   0x00ee32    program   0x000078
           .code_u1open.o       code   0x00eeaa    program   0x000072
          .code_fxm3232.o       code   0x00ef1c    program   0x000070
             .code_MSPI.o       code   0x00ef8c    program   0x000066
         .code_swgtci2c.o       code   0x00eff2    program   0x00005c
                     PROG       code   0x00f04e    program   0x00005a
           .code_t1open.o       code   0x00f0a8    program   0x000054
         .code_swptsi2c.o       code   0x00f0fc    program   0x00004e
         .code_fxd3232u.o       code   0x00f14a    program   0x000048
       .romdata_MiWiPRO.o    romdata   0x00f192    program   0x00003c
          .code_t1write.o       code   0x00f1ce    program   0x000038
         .code_swrsti2c.o       code   0x00f206    program   0x00002c
         .code_fxd1616u.o       code   0x00f232    program   0x00002c
         .code_swstpi2c.o       code   0x00f25e    program   0x000026
         .code_swacki2c.o       code   0x00f284    program   0x000026
                    CTYPE       code   0x00f2aa    program   0x000024
           .code_u2baud.o       code   0x00f2ce    program   0x000022
           .code_u1baud.o       code   0x00f2f0    program   0x000022
                    .code       code   0x00f312    program   0x000020
             _startup_scn       code   0x00f332    program   0x00001c
                    STDIO       code   0x00f34e    program   0x00001c
         .code_fxd0808u.o       code   0x00f36a    program   0x00001c
              D10TCYXCODE       code   0x00f386    program   0x000016
          .code_pow2x16.o       code   0x00f39c    program   0x000016
      .romdata_vfprintf.o    romdata   0x00f3b2    program   0x000011
       .romdata_Console.o    romdata   0x00f3c3    program   0x000010
      .idata_vfprintf.o_i    romdata   0x00f3d3    program   0x000000
       .idata_fxm3232.o_i    romdata   0x00f3d3    program   0x000000
       .idata_sprintf.o_i    romdata   0x00f3d3    program   0x000000
        .romdata_u2baud.o    romdata   0x00f3d3    program   0x000000
        .idata_u2baud.o_i    romdata   0x00f3d3    program   0x000000
        .romdata_u1baud.o    romdata   0x00f3d3    program   0x000000
        .idata_u1baud.o_i    romdata   0x00f3d3    program   0x000000
      .romdata_fxd3232u.o    romdata   0x00f3d3    program   0x000000
          .romdata_putc.o    romdata   0x00f3d3    program   0x000000
        .romdata___init.o    romdata   0x00f3d3    program   0x000000
          .idata_putc.o_i    romdata   0x00f3d3    program   0x000000
       .romdata_sprintf.o    romdata   0x00f3d3    program   0x000000
        .idata___init.o_i    romdata   0x00f3d3    program   0x000000
        .idata_t1open.o_i    romdata   0x00f3d3    program   0x000000
        .romdata_t1open.o    romdata   0x00f3d3    program   0x000000
         .idata_c018i.o_i    romdata   0x00f3d3    program   0x000000
         .romdata_c018i.o    romdata   0x00f3d3    program   0x000000
        .idata_delays.o_i    romdata   0x00f3d3    program   0x000000
        .romdata_delays.o    romdata   0x00f3d3    program   0x000000
         .romdata_gpios.o    romdata   0x00f3d3    program   0x000000
   .idata_LCDBlocking.o_i    romdata   0x00f3d3    program   0x000000
   .romdata_LCDBlocking.o    romdata   0x00f3d3    program   0x000000
      .romdata_swacki2c.o    romdata   0x00f3d3    program   0x000000
      .idata_swckti2c.o_i    romdata   0x00f3d3    program   0x000000
      .romdata_swgtci2c.o    romdata   0x00f3d3    program   0x000000
      .idata_swgtsi2c.o_i    romdata   0x00f3d3    program   0x000000
      .romdata_swptci2c.o    romdata   0x00f3d3    program   0x000000
      .idata_swptsi2c.o_i    romdata   0x00f3d3    program   0x000000
      .romdata_swrsti2c.o    romdata   0x00f3d3    program   0x000000
      .idata_swstpi2c.o_i    romdata   0x00f3d3    program   0x000000
      .romdata_swstri2c.o    romdata   0x00f3d3    program   0x000000
      .idata_fxd1616u.o_i    romdata   0x00f3d3    program   0x000000
       .idata_Console.o_i    romdata   0x00f3d3    program   0x000000
        .idata_EEPROM.o_i    romdata   0x00f3d3    program   0x000000
        .romdata_EEPROM.o    romdata   0x00f3d3    program   0x000000
      .romdata_fxd0808u.o    romdata   0x00f3d3    program   0x000000
          .idata_MSPI.o_i    romdata   0x00f3d3    program   0x000000
          .romdata_MSPI.o    romdata   0x00f3d3    program   0x000000
           .idata_NVM.o_i    romdata   0x00f3d3    program   0x000000
           .romdata_NVM.o    romdata   0x00f3d3    program   0x000000
    .romdata_SymbolTime.o    romdata   0x00f3d3    program   0x000000
    .idata_SymbolTime.o_i    romdata   0x00f3d3    program   0x000000
              .code_crc.o       code   0x00f3d4    program   0x000000
         .code_swstri2c.o       code   0x00f3d4    program   0x000010
           .code_EEPROM.o       code   0x00f3d4    program   0x000000
              .code_P2P.o       code   0x00f3d4    program   0x000000
         .code_swckti2c.o       code   0x00f3e4    program   0x000010
        .idata_system.o_i    romdata   0x00f3f4    program   0x000050
        .idata_st7032.o_i    romdata   0x00f444    program   0x000020
           .idata_spi.o_i    romdata   0x00f464    program   0x000012
         .idata_gpios.o_i    romdata   0x00f476    program   0x00001e
    .idata_eeprom25xx.o_i    romdata   0x00f494    program   0x00000c
       .idata_MiWiPRO.o_i    romdata   0x00f4a0    program   0x000009
       .idata_MRF89XA.o_i    romdata   0x00f4a9    program   0x000002
.idata_Cisternas Unison 2.0.o_i    romdata   0x00f4ab    program   0x00002c
.config_1fff8_HardwareProfile.o    romdata   0x01fff8    program   0x000001
.config_1fff9_HardwareProfile.o    romdata   0x01fff9    program   0x000001
.config_1fffa_HardwareProfile.o    romdata   0x01fffa    program   0x000001
.config_1fffb_HardwareProfile.o    romdata   0x01fffb    program   0x000001
.config_1fffc_HardwareProfile.o    romdata   0x01fffc    program   0x000001
.config_1fffd_HardwareProfile.o    romdata   0x01fffd    program   0x000001
.config_1fffe_HardwareProfile.o    romdata   0x01fffe    program   0x000001
.config_1ffff_HardwareProfile.o    romdata   0x01ffff    program   0x000001
                 .tmpdata      udata   0x000000       data   0x00001c
                MATH_DATA      udata   0x00001c       data   0x000014
              HighISR_tmp      udata   0x000030       data   0x000004
       __CONNECTION_TABLE      udata   0x000060       data   0x0000a0
         .udata_MiWiPRO.o      udata   0x000100       data   0x0000dc
     .udata_LCDBlocking.o      udata   0x0001dc       data   0x000021
         .idata_MRF89XA.o      idata   0x0001fd       data   0x000002
      .udata_eeprom25xx.o      udata   0x0001ff       data   0x000001
.udata_Cisternas Unison 2.0.o      udata   0x000200       data   0x000093
          .idata_system.o      idata   0x000293       data   0x000050
             .idata_spi.o      idata   0x0002e3       data   0x000012
           .udata_c018i.o      udata   0x0002f5       data   0x00000a
         .idata_sprintf.o      idata   0x0002ff       data   0x000000
         .idata_Console.o      idata   0x0002ff       data   0x000000
        .udata_vfprintf.o      udata   0x0002ff       data   0x000000
        .idata_vfprintf.o      idata   0x0002ff       data   0x000000
        .udata_fxd3232u.o      udata   0x0002ff       data   0x000000
          .udata_EEPROM.o      udata   0x0002ff       data   0x000000
        .idata_fxd3232u.o      idata   0x0002ff       data   0x000000
            .udata_putc.o      udata   0x0002ff       data   0x000000
            .idata_putc.o      idata   0x0002ff       data   0x000000
          .idata_EEPROM.o      idata   0x0002ff       data   0x000000
        .idata_security.o      idata   0x0002ff       data   0x000000
            .udata_MSPI.o      udata   0x0002ff       data   0x000000
            .idata_MSPI.o      idata   0x0002ff       data   0x000000
        .udata_security.o      udata   0x0002ff       data   0x000000
      .udata__user_putc.o      udata   0x0002ff       data   0x000000
             .idata_crc.o      idata   0x0002ff       data   0x000000
             .udata_crc.o      udata   0x0002ff       data   0x000000
             .idata_NVM.o      idata   0x0002ff       data   0x000000
      .idata_SymbolTime.o      idata   0x0002ff       data   0x000000
          .udata_u2baud.o      udata   0x0002ff       data   0x000000
          .idata_u1baud.o      idata   0x0002ff       data   0x000000
          .udata_u1baud.o      udata   0x0002ff       data   0x000000
          .idata___init.o      idata   0x0002ff       data   0x000000
          .udata___init.o      udata   0x0002ff       data   0x000000
         .idata_t1write.o      idata   0x0002ff       data   0x000000
         .udata_t1write.o      udata   0x0002ff       data   0x000000
          .idata_t1open.o      idata   0x0002ff       data   0x000000
          .udata_t1open.o      udata   0x0002ff       data   0x000000
          .idata_u2open.o      idata   0x0002ff       data   0x000000
          .udata_u2open.o      udata   0x0002ff       data   0x000000
          .idata_u1open.o      idata   0x0002ff       data   0x000000
          .udata_u1open.o      udata   0x0002ff       data   0x000000
         .idata_fxm3232.o      idata   0x0002ff       data   0x000000
         .udata_fxm3232.o      udata   0x0002ff       data   0x000000
        .idata_fxd1616u.o      idata   0x0002ff       data   0x000000
        .udata_fxd1616u.o      udata   0x0002ff       data   0x000000
        .idata_fxd0808u.o      idata   0x0002ff       data   0x000000
        .udata_fxd0808u.o      udata   0x0002ff       data   0x000000
          .idata_u2baud.o      idata   0x0002ff       data   0x000000
         .udata_pow2x16.o      udata   0x0002ff       data   0x000000
         .idata_pow2x16.o      idata   0x0002ff       data   0x000000
         .udata_sprintf.o      udata   0x0002ff       data   0x000000
        .idata_swacki2c.o      idata   0x0002ff       data   0x000000
        .udata_swacki2c.o      udata   0x0002ff       data   0x000000
             .idata_P2P.o      idata   0x0002ff       data   0x000000
             .udata_P2P.o      udata   0x0002ff       data   0x000000
            .idata_MiWi.o      idata   0x0002ff       data   0x000000
            .udata_MiWi.o      udata   0x0002ff       data   0x000000
          .udata_st7032.o      udata   0x0002ff       data   0x000000
       .idata_TimeDelay.o      idata   0x0002ff       data   0x000000
       .udata_TimeDelay.o      udata   0x0002ff       data   0x000000
     .idata_LCDBlocking.o      idata   0x0002ff       data   0x000000
          .udata_system.o      udata   0x0002ff       data   0x000000
             .udata_spi.o      udata   0x0002ff       data   0x000000
           .udata_gpios.o      udata   0x0002ff       data   0x000000
          .idata_delays.o      idata   0x0002ff       data   0x000000
          .udata_delays.o      udata   0x0002ff       data   0x000000
      .idata_MAC_EEProm.o      idata   0x0002ff       data   0x000000
      .udata_MAC_EEProm.o      udata   0x0002ff       data   0x000000
 .idata_HardwareProfile.o      idata   0x0002ff       data   0x000000
      .idata_DemoOutput.o      idata   0x0002ff       data   0x000000
      .udata_DemoOutput.o      udata   0x0002ff       data   0x000000
           .idata_c018i.o      idata   0x0002ff       data   0x000000
         .udata_Console.o      udata   0x0002ff       data   0x000000
        .idata_swstri2c.o      idata   0x0002ff       data   0x000000
        .udata_swstri2c.o      udata   0x0002ff       data   0x000000
        .idata_swstpi2c.o      idata   0x0002ff       data   0x000000
        .udata_swstpi2c.o      udata   0x0002ff       data   0x000000
        .idata_swrsti2c.o      idata   0x0002ff       data   0x000000
        .udata_swrsti2c.o      udata   0x0002ff       data   0x000000
        .idata_swptsi2c.o      idata   0x0002ff       data   0x000000
        .udata_swptsi2c.o      udata   0x0002ff       data   0x000000
        .idata_swptci2c.o      idata   0x0002ff       data   0x000000
        .udata_swptci2c.o      udata   0x0002ff       data   0x000000
        .udata_swckti2c.o      udata   0x0002ff       data   0x000000
        .idata_swckti2c.o      idata   0x0002ff       data   0x000000
        .idata_swgtsi2c.o      idata   0x0002ff       data   0x000000
        .udata_swgtsi2c.o      udata   0x0002ff       data   0x000000
      .idata__user_putc.o      idata   0x0002ff       data   0x000000
        .idata_swgtci2c.o      idata   0x0002ff       data   0x000000
             MAC_RX_BUFFE      udata   0x000300       data   0x000072
            MAC_TX_BUFFER      udata   0x000372       data   0x000037
.idata_Cisternas Unison 2.0.o      idata   0x0003a9       data   0x00002c
               TRX_BUFFER      udata   0x0003d5       data   0x00002b
         .udata_MRF89XA.o      udata   0x000400       data   0x000027
          .idata_st7032.o      idata   0x000427       data   0x000020
           .idata_gpios.o      idata   0x000447       data   0x00001e
      .idata_eeprom25xx.o      idata   0x000465       data   0x00000c
         .idata_MiWiPRO.o      idata   0x000471       data   0x000009
 .udata_HardwareProfile.o      udata   0x00047a       data   0x000005
      .udata_SymbolTime.o      udata   0x00047f       data   0x000004
                   .stack      udata   0x000d00       data   0x000100
       RANDOM_SEND_BUFFER      udata   0x000e00       data   0x000096
             .udata_NVM.o      udata   0x000e96       data   0x000018
        .udata_swgtci2c.o      udata   0x000eae       data   0x000002
              SFR_BANKED0      udata   0x000eb8       data   0x000005
              SFR_BANKED1      udata   0x000ebf       data   0x00001a
              SFR_BANKED2      udata   0x000ee1       data   0x000004
              SFR_BANKED3      udata   0x000ee6       data   0x000005
              SFR_BANKED4      udata   0x000ef2       data   0x000003
              SFR_BANKED5      udata   0x000ef7       data   0x000002
              SFR_BANKED6      udata   0x000efc       data   0x000004
              SFR_BANKED7      udata   0x000f00       data   0x000026
              SFR_BANKED8      udata   0x000f3a       data   0x000009
              SFR_BANKED9      udata   0x000f44       data   0x00001c
            SFR_UNBANKED0      udata   0x000f66       data   0x00009a



                              Program Memory Usage 
                               Start         End      
                           ---------   ---------      
                            0x000000    0x00c45c      
                            0x00c45e    0x00f3d2      
                            0x00f3d4    0x00f4d6      
                            0x01fff8    0x01ffff      
            62685 out of 131074 program addresses used, program memory utilization is 47%



                              Symbols - Sorted by Name
                     Name    Address   Location    Storage File                     
                ---------  ---------  ---------  --------- ---------                
    AddNodeToNetworkTable   0x004cd2    program     extern C:\microchip_solutions_v2013-06-15\Microchip\WirelessProtocols\MiWiPRO\MiWiPRO.c
                BoardInit   0x00db90    program     extern C:\Users\Pedro\MPLABXProjects\MiWi_Rich_Features_Node1.X\HardwareProfile.c
          BroadcastJitter   0x000084    program     extern C:\microchip_solutions_v2013-06-15\Microchip\WirelessProtocols\MiWiPRO\MiWiPRO.c
            ButtonPressed   0x00dcce    program     extern C:\Users\Pedro\MPLABXProjects\MiWi_Rich_Features_Node1.X\HardwareProfile.c
           CharacterArray   0x00f3c3    program     extern C:\microchip_solutions_v2013-06-15\Microchip\WirelessProtocols\Console.c
               Clock_test   0x00f3e4    program     extern C:\Users\Pedro\MPLABXProjects\MiWi_Rich_Features_Node1.X\SW_I2C\swckti2c.c
               ConsoleGet   0x00e418    program     extern C:\microchip_solutions_v2013-06-15\Microchip\WirelessProtocols\Console.c
              ConsoleInit   0x00e3b2    program     extern C:\microchip_solutions_v2013-06-15\Microchip\WirelessProtocols\Console.c
               ConsolePut   0x00e3fe    program     extern C:\microchip_solutions_v2013-06-15\Microchip\WirelessProtocols\Console.c
      ConsolePutROMString   0x00e3c4    program     extern C:\microchip_solutions_v2013-06-15\Microchip\WirelessProtocols\Console.c
                    D10_1   0x00f396    program     static E:\3.46\pic18-lt\cxx-framework\src\traditional\delays\d10tcyx.asm
                     D10x   0x00f38e    program     static E:\3.46\pic18-lt\cxx-framework\src\traditional\delays\d10tcyx.asm
                       DE   0x00e940    program     extern C:\Users\Pedro\MPLABXProjects\MiWi_Rich_Features_Node1.X\DemoOutput.c
              Delay10TCYx   0x00f386    program     extern E:\3.46\pic18-lt\cxx-framework\src\traditional\delays\d10tcyx.asm
                Delay10us   0x00dfe8    program     extern C:\microchip_solutions_v2013-06-15\Microchip\Common\TimeDelay.c
                  DelayMs   0x00e0fe    program     extern C:\microchip_solutions_v2013-06-15\Microchip\Common\TimeDelay.c
              Delays_10us   0x00ddc4    program     extern C:\CodeBank8\bsp\Microchip\delays\delays.c
                Delays_ms   0x00deda    program     extern C:\CodeBank8\bsp\Microchip\delays\delays.c
       DemoOutput_Channel   0x00d468    program     extern C:\Users\Pedro\MPLABXProjects\MiWi_Rich_Features_Node1.X\DemoOutput.c
  DemoOutput_ChannelError   0x00d624    program     extern C:\Users\Pedro\MPLABXProjects\MiWi_Rich_Features_Node1.X\DemoOutput.c
      DemoOutput_Greeting   0x00d34c    program     extern C:\Users\Pedro\MPLABXProjects\MiWi_Rich_Features_Node1.X\DemoOutput.c
 DemoOutput_HandleMessage   0x00d508    program     extern C:\Users\Pedro\MPLABXProjects\MiWi_Rich_Features_Node1.X\DemoOutput.c
   DemoOutput_Instruction   0x00d4ee    program     extern C:\Users\Pedro\MPLABXProjects\MiWi_Rich_Features_Node1.X\DemoOutput.c
   DemoOutput_UnicastFail   0x00d660    program     extern C:\Users\Pedro\MPLABXProjects\MiWi_Rich_Features_Node1.X\DemoOutput.c
    DemoOutput_UpdateTxRx   0x00d600    program     extern C:\Users\Pedro\MPLABXProjects\MiWi_Rich_Features_Node1.X\DemoOutput.c
           DumpConnection   0x003f6a    program     extern C:\microchip_solutions_v2013-06-15\Microchip\WirelessProtocols\MiWiPRO\MiWiPRO.c
               EEPROMRead   0x00e6b4    program     extern C:\Users\Pedro\MPLABXProjects\MiWi_Rich_Features_Node1.X\MAC_EEProm.c
          Eeprom25xx_Init   0x00c45e    program     extern C:\CodeBank8\modules\eeprom25xx\eeprom25xx.c
          Eeprom25xx_Read   0x00c5a2    program     extern C:\CodeBank8\modules\eeprom25xx\eeprom25xx.c
   Eeprom25xx_SectorErase   0x00cb80    program     extern C:\CodeBank8\modules\eeprom25xx\eeprom25xx.c
         Eeprom25xx_Write   0x00c7e4    program     extern C:\CodeBank8\modules\eeprom25xx\eeprom25xx.c
  Eeprom25xx_u8ReadStatus   0x00c4bc    program     extern C:\CodeBank8\modules\eeprom25xx\eeprom25xx.c
          EthernetGetByte   0x0094c8    program     extern C:\Users\Pedro\MPLABXProjects\MiWi_Rich_Features_Node1.X\Cisternas Unison 2.0.c
          EthernetHasData   0x009512    program     extern C:\Users\Pedro\MPLABXProjects\MiWi_Rich_Features_Node1.X\Cisternas Unison 2.0.c
             EthernetTask   0x009660    program     extern C:\Users\Pedro\MPLABXProjects\MiWi_Rich_Features_Node1.X\Cisternas Unison 2.0.c
Ethernet_MessageAvailable   0x009a0a    program     extern C:\Users\Pedro\MPLABXProjects\MiWi_Rich_Features_Node1.X\Cisternas Unison 2.0.c
                 FXD0808U   0x00f36a    program     extern E:\3.46\pic18-lt\cxx-framework\src\traditional\math\fxd0808u.c
                 FXD1616U   0x00f232    program     extern E:\3.46\pic18-lt\cxx-framework\src\traditional\math\fxd1616u.c
                 FXD3232U   0x00f14a    program     extern E:\3.46\pic18-lt\cxx-framework\src\traditional\math\fxd3232u.c
                 FXM1616S   0x00f04e    program     extern E:\3.46\pic18-lt\cxx-framework\src\traditional\math\fxm1616s.asm
                  FXM3232   0x00ef1c    program     extern E:\3.46\pic18-lt\cxx-framework\src\traditional\math\fxm3232.c
                FindDepth   0x003488    program     extern C:\microchip_solutions_v2013-06-15\Microchip\WirelessProtocols\MiWiPRO\MiWiPRO.c
          FindRoutingPath   0x00351a    program     extern C:\microchip_solutions_v2013-06-15\Microchip\WirelessProtocols\MiWiPRO\MiWiPRO.c
              GetHexDigit   0x007408    program     extern C:\Users\Pedro\MPLABXProjects\MiWi_Rich_Features_Node1.X\Cisternas Unison 2.0.c
             GetLevelTask   0x0094aa    program     extern C:\Users\Pedro\MPLABXProjects\MiWi_Rich_Features_Node1.X\Cisternas Unison 2.0.c
               GetMACByte   0x00747e    program     extern C:\Users\Pedro\MPLABXProjects\MiWi_Rich_Features_Node1.X\Cisternas Unison 2.0.c
            GetMasterData   0x0085f6    program     extern C:\Users\Pedro\MPLABXProjects\MiWi_Rich_Features_Node1.X\Cisternas Unison 2.0.c
              GetNodeData   0x00811c    program     extern C:\Users\Pedro\MPLABXProjects\MiWi_Rich_Features_Node1.X\Cisternas Unison 2.0.c
           GetTwoDigitDec   0x0074a0    program     extern C:\Users\Pedro\MPLABXProjects\MiWi_Rich_Features_Node1.X\Cisternas Unison 2.0.c
       Gpios_PinDirection   0x00d68c    program     extern C:\CodeBank8\bsp\Microchip\gpios\gpios.c
          Gpios_PullupPin   0x00d7c8    program     extern C:\CodeBank8\bsp\Microchip\gpios\gpios.c
         Gpios_SetPullups   0x00d934    program     extern C:\CodeBank8\bsp\Microchip\gpios\gpios.c
          Gpios_TogglePin   0x00d7d4    program     extern C:\CodeBank8\bsp\Microchip\gpios\gpios.c
           Gpios_WritePin   0x00d72a    program     extern C:\CodeBank8\bsp\Microchip\gpios\gpios.c
          Gpios_WritePort   0x00d874    program     extern C:\CodeBank8\bsp\Microchip\gpios\gpios.c
          Gpios_WriteTris   0x00d8d4    program     extern C:\CodeBank8\bsp\Microchip\gpios\gpios.c
           Gpios_bReadPin   0x00d824    program     extern C:\CodeBank8\bsp\Microchip\gpios\gpios.c
         Gpios_u8ReadPort   0x00d8a6    program     extern C:\CodeBank8\bsp\Microchip\gpios\gpios.c
      Gpios_u8ReadPullups   0x00d940    program     extern C:\CodeBank8\bsp\Microchip\gpios\gpios.c
         Gpios_u8ReadTris   0x00d906    program     extern C:\CodeBank8\bsp\Microchip\gpios\gpios.c
                  HighISR   0x00a7ea    program     extern C:\microchip_solutions_v2013-06-15\Microchip\Transceivers\MRF89XA\MRF89XA.c
               HighVector   0x000008    program     extern C:\microchip_solutions_v2013-06-15\Microchip\Transceivers\MRF89XA\MRF89XA.c
              IGNORE_HERE   0x00a906    program     static                          
           InitConfigRegs   0x00ed76    program     extern C:\microchip_solutions_v2013-06-15\Microchip\Transceivers\MRF89XA\MRF89XA.c
          InitSymbolTimer   0x00e982    program     extern C:\microchip_solutions_v2013-06-15\Microchip\WirelessProtocols\SymbolTime.c
               LCDDisplay   0x00dc60    program     extern C:\Users\Pedro\MPLABXProjects\MiWi_Rich_Features_Node1.X\HardwareProfile.c
                 LCDErase   0x00dab6    program     extern C:\microchip_solutions_v2013-06-15\Microchip\Common\LCDBlocking.c
                  LCDInit   0x00d96e    program     extern C:\microchip_solutions_v2013-06-15\Microchip\Common\LCDBlocking.c
              LCDTRXCount   0x00dbe8    program     extern C:\Users\Pedro\MPLABXProjects\MiWi_Rich_Features_Node1.X\HardwareProfile.c
                LCDUpdate   0x00d9aa    program     extern C:\microchip_solutions_v2013-06-15\Microchip\Common\LCDBlocking.c
                 LCDWrite   0x00d94e    program     static C:\microchip_solutions_v2013-06-15\Microchip\Common\LCDBlocking.c
             LCDWriteLine   0x00dad0    program     extern C:\microchip_solutions_v2013-06-15\Microchip\Common\LCDBlocking.c
                LowVector   0x000018    program     extern C:\microchip_solutions_v2013-06-15\Microchip\Transceivers\MRF89XA\MRF89XA.c
MIWIPRO_Connection_Status   0x009a16    program     extern C:\Users\Pedro\MPLABXProjects\MiWi_Rich_Features_Node1.X\Cisternas Unison 2.0.c
                 MacroNop   0x000080    program     extern C:\microchip_solutions_v2013-06-15\Microchip\WirelessProtocols\MiWiPRO\MiWiPRO.c
    MiApp_BroadcastPacket   0x005b30    program     extern C:\microchip_solutions_v2013-06-15\Microchip\WirelessProtocols\MiWiPRO\MiWiPRO.c
     MiApp_ConnectionMode   0x005402    program     extern C:\microchip_solutions_v2013-06-15\Microchip\WirelessProtocols\MiWiPRO\MiWiPRO.c
     MiApp_DiscardMessage   0x005b28    program     extern C:\microchip_solutions_v2013-06-15\Microchip\WirelessProtocols\MiWiPRO\MiWiPRO.c
MiApp_EstablishConnection   0x00563a    program     extern C:\microchip_solutions_v2013-06-15\Microchip\WirelessProtocols\MiWiPRO\MiWiPRO.c
 MiApp_InitChannelHopping   0x006b5e    program     extern C:\microchip_solutions_v2013-06-15\Microchip\WirelessProtocols\MiWiPRO\MiWiPRO.c
   MiApp_MessageAvailable   0x005b18    program     extern C:\microchip_solutions_v2013-06-15\Microchip\WirelessProtocols\MiWiPRO\MiWiPRO.c
     MiApp_NoiseDetection   0x006572    program     extern C:\microchip_solutions_v2013-06-15\Microchip\WirelessProtocols\MiWiPRO\MiWiPRO.c
       MiApp_ProtocolInit   0x004e48    program     extern C:\microchip_solutions_v2013-06-15\Microchip\WirelessProtocols\MiWiPRO\MiWiPRO.c
   MiApp_RemoveConnection   0x006f96    program     extern C:\microchip_solutions_v2013-06-15\Microchip\WirelessProtocols\MiWiPRO\MiWiPRO.c
   MiApp_ResyncConnection   0x0067fa    program     extern C:\microchip_solutions_v2013-06-15\Microchip\WirelessProtocols\MiWiPRO\MiWiPRO.c
   MiApp_SearchConnection   0x00545c    program     extern C:\microchip_solutions_v2013-06-15\Microchip\WirelessProtocols\MiWiPRO\MiWiPRO.c
         MiApp_SetChannel   0x0053b0    program     extern C:\microchip_solutions_v2013-06-15\Microchip\WirelessProtocols\MiWiPRO\MiWiPRO.c
    MiApp_StartConnection   0x006376    program     extern C:\microchip_solutions_v2013-06-15\Microchip\WirelessProtocols\MiWiPRO\MiWiPRO.c
     MiApp_UnicastAddress   0x005e56    program     extern C:\microchip_solutions_v2013-06-15\Microchip\WirelessProtocols\MiWiPRO\MiWiPRO.c
  MiApp_UnicastConnection   0x005bec    program     extern C:\microchip_solutions_v2013-06-15\Microchip\WirelessProtocols\MiWiPRO\MiWiPRO.c
  MiMAC_ChannelAssessment   0x00a6c8    program     extern C:\microchip_solutions_v2013-06-15\Microchip\Transceivers\MRF89XA\MRF89XA.c
      MiMAC_DiscardPacket   0x00a6a6    program     extern C:\microchip_solutions_v2013-06-15\Microchip\Transceivers\MRF89XA\MRF89XA.c
               MiMAC_Init   0x00a156    program     extern C:\microchip_solutions_v2013-06-15\Microchip\Transceivers\MRF89XA\MRF89XA.c
     MiMAC_ReceivedPacket   0x00a45a    program     extern C:\microchip_solutions_v2013-06-15\Microchip\Transceivers\MRF89XA\MRF89XA.c
         MiMAC_SendPacket   0x00a2a0    program     extern C:\microchip_solutions_v2013-06-15\Microchip\Transceivers\MRF89XA\MRF89XA.c
      MiMAC_SetAltAddress   0x00a048    program     extern C:\microchip_solutions_v2013-06-15\Microchip\Transceivers\MRF89XA\MRF89XA.c
         MiMAC_SetChannel   0x00a056    program     extern C:\microchip_solutions_v2013-06-15\Microchip\Transceivers\MRF89XA\MRF89XA.c
           MiMAC_SetPower   0x00a118    program     extern C:\microchip_solutions_v2013-06-15\Microchip\Transceivers\MRF89XA\MRF89XA.c
                     MiWi   0x00e8c2    program     extern C:\Users\Pedro\MPLABXProjects\MiWi_Rich_Features_Node1.X\DemoOutput.c
             MiWiPROTasks   0x000146    program     extern C:\microchip_solutions_v2013-06-15\Microchip\WirelessProtocols\MiWiPRO\MiWiPRO.c
             MiWi_TickGet   0x00e996    program     extern C:\microchip_solutions_v2013-06-15\Microchip\WirelessProtocols\SymbolTime.c
                MultiCast   0x005b50    program     extern C:\microchip_solutions_v2013-06-15\Microchip\WirelessProtocols\MiWiPRO\MiWiPRO.c
                  NVMInit   0x00e28e    program     extern C:\microchip_solutions_v2013-06-15\Microchip\WirelessProtocols\NVM.c
                  NVMRead   0x00e20c    program     extern C:\microchip_solutions_v2013-06-15\Microchip\WirelessProtocols\NVM.c
                 NVMWrite   0x00e218    program     extern C:\microchip_solutions_v2013-06-15\Microchip\WirelessProtocols\NVM.c
                 NVMalloc   0x00e224    program     extern C:\microchip_solutions_v2013-06-15\Microchip\WirelessProtocols\NVM.c
               Open1USART   0x00eeaa    program     extern E:\3.46\pic18-lt\cxx-framework\src\pmc_common\USART\u1open.c
               Open2USART   0x00ee32    program     extern E:\3.46\pic18-lt\cxx-framework\src\pmc_common\USART\u2open.c
               OpenSocket   0x0046f2    program     extern C:\microchip_solutions_v2013-06-15\Microchip\WirelessProtocols\MiWiPRO\MiWiPRO.c
               OpenTimer1   0x00f0a8    program     extern E:\3.46\pic18-lt\cxx-framework\src\pmc_common\Timers\t1open.c
                   PVALUE   0x00ed36    program     extern C:\microchip_solutions_v2013-06-15\Microchip\Transceivers\MRF89XA\MRF89XA.c
                PrintChar   0x00e424    program     extern C:\microchip_solutions_v2013-06-15\Microchip\WirelessProtocols\Console.c
                 PrintDec   0x00e486    program     extern C:\microchip_solutions_v2013-06-15\Microchip\WirelessProtocols\Console.c
                PrintMenu   0x0074c2    program     extern C:\Users\Pedro\MPLABXProjects\MiWi_Rich_Features_Node1.X\Cisternas Unison 2.0.c
              ProcessMenu   0x0074e4    program     extern C:\Users\Pedro\MPLABXProjects\MiWi_Rich_Features_Node1.X\Cisternas Unison 2.0.c
              RETURN_HERE   0x00ae06    program     static                          
           RS485GetLevels   0x007a86    program     extern C:\Users\Pedro\MPLABXProjects\MiWi_Rich_Features_Node1.X\Cisternas Unison 2.0.c
         Read_MAC_Address   0x00e708    program     extern C:\Users\Pedro\MPLABXProjects\MiWi_Rich_Features_Node1.X\MAC_EEProm.c
             RegisterRead   0x009df0    program     extern C:\microchip_solutions_v2013-06-15\Microchip\Transceivers\MRF89XA\MRF89XA.c
              RegisterSet   0x009da0    program     extern C:\microchip_solutions_v2013-06-15\Microchip\Transceivers\MRF89XA\MRF89XA.c
                 Repeater   0x0087ba    program     extern C:\Users\Pedro\MPLABXProjects\MiWi_Rich_Features_Node1.X\Cisternas Unison 2.0.c
             RouteMessage   0x003ad8    program     extern C:\microchip_solutions_v2013-06-15\Microchip\WirelessProtocols\MiWiPRO\MiWiPRO.c
                 Rs485Get   0x0079bc    program     extern C:\Users\Pedro\MPLABXProjects\MiWi_Rich_Features_Node1.X\Cisternas Unison 2.0.c
           Rs485GetString   0x007a1c    program     extern C:\Users\Pedro\MPLABXProjects\MiWi_Rich_Features_Node1.X\Cisternas Unison 2.0.c
                 Rs485Put   0x0079a2    program     extern C:\Users\Pedro\MPLABXProjects\MiWi_Rich_Features_Node1.X\Cisternas Unison 2.0.c
           RxWirelessTask   0x008a1c    program     extern C:\Users\Pedro\MPLABXProjects\MiWi_Rich_Features_Node1.X\Cisternas Unison 2.0.c
          RxWirelessTask1   0x008e32    program     extern C:\Users\Pedro\MPLABXProjects\MiWi_Rich_Features_Node1.X\Cisternas Unison 2.0.c
          RxWirelessTask3   0x008b68    program     extern C:\Users\Pedro\MPLABXProjects\MiWi_Rich_Features_Node1.X\Cisternas Unison 2.0.c
                   SPIGet   0x00efb6    program     extern C:\microchip_solutions_v2013-06-15\Microchip\WirelessProtocols\MSPI.c
                  SPIGet2   0x00efe8    program     extern C:\microchip_solutions_v2013-06-15\Microchip\WirelessProtocols\MSPI.c
                   SPIPut   0x00ef8c    program     extern C:\microchip_solutions_v2013-06-15\Microchip\WirelessProtocols\MSPI.c
                  SPIPut2   0x00efc0    program     extern C:\microchip_solutions_v2013-06-15\Microchip\WirelessProtocols\MSPI.c
              ST7032_Init   0x00cdb0    program     extern C:\CodeBank8\modules\st7032\st7032.c
         ST7032_SetCursor   0x00d07c    program     extern C:\CodeBank8\modules\st7032\st7032.c
      ST7032_WriteCommand   0x00d1f0    program     extern C:\CodeBank8\modules\st7032\st7032.c
         ST7032_WriteData   0x00d0de    program     extern C:\CodeBank8\modules\st7032\st7032.c
       ST7032_WriteString   0x00d300    program     extern C:\CodeBank8\modules\st7032\st7032.c
                   SVALUE   0x00ed56    program     extern C:\microchip_solutions_v2013-06-15\Microchip\Transceivers\MRF89XA\MRF89XA.c
                 SWAckI2C   0x00f284    program     extern C:\Users\Pedro\MPLABXProjects\MiWi_Rich_Features_Node1.X\SW_I2C\swacki2c.c
                SWGetsI2C   0x00ec26    program     extern C:\Users\Pedro\MPLABXProjects\MiWi_Rich_Features_Node1.X\SW_I2C\swgtsi2c.c
                SWPutsI2C   0x00f0fc    program     extern C:\Users\Pedro\MPLABXProjects\MiWi_Rich_Features_Node1.X\SW_I2C\swptsi2c.c
                SWReadI2C   0x00eff2    program     extern C:\Users\Pedro\MPLABXProjects\MiWi_Rich_Features_Node1.X\SW_I2C\swgtci2c.c
             SWRestartI2C   0x00f206    program     extern C:\Users\Pedro\MPLABXProjects\MiWi_Rich_Features_Node1.X\SW_I2C\swrsti2c.c
               SWStartI2C   0x00f3d4    program     extern C:\Users\Pedro\MPLABXProjects\MiWi_Rich_Features_Node1.X\SW_I2C\swstri2c.c
                SWStopI2C   0x00f25e    program     extern C:\Users\Pedro\MPLABXProjects\MiWi_Rich_Features_Node1.X\SW_I2C\swstpi2c.c
               SWWriteI2C   0x00edb6    program     extern C:\Users\Pedro\MPLABXProjects\MiWi_Rich_Features_Node1.X\SW_I2C\swptci2c.c
                 ScanTime   0x00f192    program     extern C:\microchip_solutions_v2013-06-15\Microchip\WirelessProtocols\MiWiPRO\MiWiPRO.c
     SearchForLongAddress   0x004bfc    program     extern C:\microchip_solutions_v2013-06-15\Microchip\WirelessProtocols\MiWiPRO\MiWiPRO.c
    SearchForShortAddress   0x004a56    program     extern C:\microchip_solutions_v2013-06-15\Microchip\WirelessProtocols\MiWiPRO\MiWiPRO.c
               SendBeacon   0x004af2    program     extern C:\microchip_solutions_v2013-06-15\Microchip\WirelessProtocols\MiWiPRO\MiWiPRO.c
            SendMACPacket   0x003ea6    program     extern C:\microchip_solutions_v2013-06-15\Microchip\WirelessProtocols\MiWiPRO\MiWiPRO.c
                SetRFMode   0x00a220    program     extern C:\microchip_solutions_v2013-06-15\Microchip\Transceivers\MRF89XA\MRF89XA.c
                 Spi_Init   0x00e53a    program     extern C:\CodeBank8\bsp\Microchip\spi\spi.c
              Spi_SetMode   0x00e5ac    program     extern C:\CodeBank8\bsp\Microchip\spi\spi.c
           Spi_u8Transfer   0x00e630    program     extern C:\CodeBank8\bsp\Microchip\spi\spi.c
      StartChannelHopping   0x006a38    program     extern C:\microchip_solutions_v2013-06-15\Microchip\WirelessProtocols\MiWiPRO\MiWiPRO.c
  StartWirelessConnection   0x007c9a    program     extern C:\Users\Pedro\MPLABXProjects\MiWi_Rich_Features_Node1.X\Cisternas Unison 2.0.c
 System_DisableInterrupts   0x00e80e    program     extern C:\CodeBank8\bsp\Microchip\system\system.c
  System_EnableInterrupts   0x00e806    program     extern C:\CodeBank8\bsp\Microchip\system\system.c
         System_EnablePLL   0x00e7c6    program     extern C:\CodeBank8\bsp\Microchip\system\system.c
System_PeripheralPinSelect   0x00e816    program     extern C:\CodeBank8\bsp\Microchip\system\system.c
               TSIGN1616A   0x00f09a    program     static E:\3.46\pic18-lt\cxx-framework\src\traditional\math\fxm1616s.asm
               TXETHERNET   0x009514    program     extern C:\Users\Pedro\MPLABXProjects\MiWi_Rich_Features_Node1.X\Cisternas Unison 2.0.c
               Timer1Tick   0x009a32    program     extern C:\Users\Pedro\MPLABXProjects\MiWi_Rich_Features_Node1.X\Cisternas Unison 2.0.c
          TrxEthernetTask   0x009a12    program     extern C:\Users\Pedro\MPLABXProjects\MiWi_Rich_Features_Node1.X\Cisternas Unison 2.0.c
                 TxPacket   0x009e92    program     extern C:\microchip_solutions_v2013-06-15\Microchip\Transceivers\MRF89XA\MRF89XA.c
           TxWirelessTask   0x007d90    program     extern C:\Users\Pedro\MPLABXProjects\MiWi_Rich_Features_Node1.X\Cisternas Unison 2.0.c
          TxWirelessTask1   0x009340    program     extern C:\Users\Pedro\MPLABXProjects\MiWi_Rich_Features_Node1.X\Cisternas Unison 2.0.c
     UserInterruptHandler   0x00ddb4    program     extern C:\Users\Pedro\MPLABXProjects\MiWi_Rich_Features_Node1.X\HardwareProfile.c
                WriteFIFO   0x009e58    program     extern C:\microchip_solutions_v2013-06-15\Microchip\Transceivers\MRF89XA\MRF89XA.c
              WriteTimer1   0x00f1ce    program     extern E:\3.46\pic18-lt\cxx-framework\src\pmc_common\Timers\t1write.c
              _2jContinue   0x00ebac    program     static E:\3.46\pic18-lt\cxx-framework\src\traditional\stdclib\memset.asm
                   _2jEnd   0x00ec10    program     static E:\3.46\pic18-lt\cxx-framework\src\traditional\stdclib\slenpgm.asm
                   _3jEnd   0x00ebb6    program     static E:\3.46\pic18-lt\cxx-framework\src\traditional\stdclib\memset.asm
        _D10TCYXCODE_000A   0x00f390    program     static E:\3.46\pic18-lt\cxx-framework\src\traditional\delays\d10tcyx.asm
        _D10TCYXCODE_000C   0x00f392    program     static E:\3.46\pic18-lt\cxx-framework\src\traditional\delays\d10tcyx.asm
        _D10TCYXCODE_000E   0x00f394    program     static E:\3.46\pic18-lt\cxx-framework\src\traditional\delays\d10tcyx.asm
      ___case_10_lbl00196   0x008952    program     static                          
      ___case_11_lbl00197   0x008964    program     static                          
      ___case_12_lbl00198   0x008976    program     static                          
      ___case_13_lbl00199   0x008988    program     static                          
       ___case_1_lbl00187   0x0088b0    program     static                          
       ___case_2_lbl00188   0x0088c2    program     static                          
       ___case_3_lbl00189   0x0088d4    program     static                          
       ___case_4_lbl00190   0x0088e6    program     static                          
       ___case_5_lbl00191   0x0088f8    program     static                          
       ___case_6_lbl00192   0x00890a    program     static                          
       ___case_7_lbl00193   0x00891c    program     static                          
       ___case_8_lbl00194   0x00892e    program     static                          
       ___case_9_lbl00195   0x008940    program     static                          
           ___do_lbl00001   0x00f034    program     static                          
           ___do_lbl00001   0x00ee20    program     static                          
           ___do_lbl00002   0x00ee26    program     static                          
           ___do_lbl00002   0x00f03a    program     static                          
           ___do_lbl00006   0x00effa    program     static                          
           ___do_lbl00008   0x00edcc    program     static                          
         ___else_lbl00002   0x00f2a4    program     static                          
         ___else_lbl00004   0x00de7a    program     static                          
         ___else_lbl00004   0x00e09e    program     static                          
         ___else_lbl00005   0x00ee00    program     static                          
         ___else_lbl00006   0x00ddd4    program     static                          
         ___else_lbl00006   0x00dff8    program     static                          
         ___else_lbl00007   0x00edde    program     static                          
         ___else_lbl00011   0x00df88    program     static                          
         ___else_lbl00011   0x00e1ac    program     static                          
         ___else_lbl00095   0x00a8d6    program     static                          
         ___else_lbl00105   0x00a9aa    program     static                          
         ___else_lbl00109   0x00aa1a    program     static                          
         ___else_lbl00134   0x00ae00    program     static                          
         ___else_lbl00185   0x008806    program     static                          
         ___else_lbl00204   0x00899c    program     static                          
         ___else_lbl00409   0x009b6a    program     static                          
         ___else_lbl00420   0x009d2e    program     static                          
         ___else_lbl00426   0x009d60    program     static                          
          ___for_lbl00090   0x00a8bc    program     static                          
          ___for_lbl00091   0x00a8c2    program     static                          
          ___for_lbl00093   0x00a88e    program     static                          
          ___for_lbl00111   0x00ab46    program     static                          
          ___for_lbl00112   0x00ab4c    program     static                          
          ___for_lbl00114   0x00aabc    program     static                          
          ___for_lbl00116   0x00abb0    program     static                          
          ___for_lbl00117   0x00abb6    program     static                          
          ___for_lbl00118   0x00ab6e    program     static                          
          ___for_lbl00119   0x00ac36    program     static                          
          ___for_lbl00120   0x00ac3c    program     static                          
          ___for_lbl00121   0x00abf4    program     static                          
          ___for_lbl00123   0x00ad1e    program     static                          
          ___for_lbl00124   0x00ad24    program     static                          
          ___for_lbl00129   0x00ac40    program     static                          
          ___for_lbl00200   0x0089c6    program     static                          
          ___for_lbl00201   0x0089cc    program     static                          
          ___for_lbl00202   0x0089a0    program     static                          
          ___for_lbl00206   0x008a04    program     static                          
          ___for_lbl00207   0x008a0a    program     static                          
          ___for_lbl00208   0x0089e0    program     static                          
          ___for_lbl00410   0x009ca2    program     static                          
          ___for_lbl00411   0x009ca8    program     static                          
          ___for_lbl00412   0x009c88    program     static                          
          ___for_lbl00413   0x009cf8    program     static                          
          ___for_lbl00414   0x009cfe    program     static                          
          ___for_lbl00415   0x009ce0    program     static                          
          ___for_lbl00416   0x009d1a    program     static                          
          ___for_lbl00417   0x009d20    program     static                          
          ___for_lbl00418   0x009d02    program     static                          
           ___if_lbl00001   0x00f2a8    program     static                          
           ___if_lbl00003   0x00e0ea    program     static                          
           ___if_lbl00003   0x00eddc    program     static                          
           ___if_lbl00003   0x00f022    program     static                          
           ___if_lbl00003   0x00dec6    program     static                          
           ___if_lbl00004   0x00ee1c    program     static                          
           ___if_lbl00004   0x00f022    program     static                          
           ___if_lbl00005   0x00e0ea    program     static                          
           ___if_lbl00005   0x00f034    program     static                          
           ___if_lbl00005   0x00dec6    program     static                          
           ___if_lbl00006   0x00ee20    program     static                          
           ___if_lbl00010   0x00dfd4    program     static                          
           ___if_lbl00010   0x00e1f8    program     static                          
           ___if_lbl00092   0x00a8bc    program     static                          
           ___if_lbl00094   0x00a8da    program     static                          
           ___if_lbl00101   0x00a93c    program     static                          
           ___if_lbl00104   0x00a9ea    program     static                          
           ___if_lbl00106   0x00aa14    program     static                          
           ___if_lbl00107   0x00aa2e    program     static                          
           ___if_lbl00108   0x00aa2e    program     static                          
           ___if_lbl00110   0x00aa72    program     static                          
           ___if_lbl00113   0x00ab46    program     static                          
           ___if_lbl00115   0x00ab4c    program     static                          
           ___if_lbl00122   0x00ac3c    program     static                          
           ___if_lbl00126   0x00acf0    program     static                          
           ___if_lbl00128   0x00ad1e    program     static                          
           ___if_lbl00130   0x00ade2    program     static                          
           ___if_lbl00131   0x00adfa    program     static                          
           ___if_lbl00132   0x00adfc    program     static                          
           ___if_lbl00133   0x00ae06    program     static                          
           ___if_lbl00135   0x00ae0a    program     static                          
           ___if_lbl00136   0x00ae22    program     static                          
           ___if_lbl00137   0x00ae22    program     static                          
           ___if_lbl00138   0x00ae22    program     static                          
           ___if_lbl00183   0x0087ea    program     static                          
           ___if_lbl00184   0x008816    program     static                          
           ___if_lbl00203   0x0089cc    program     static                          
           ___if_lbl00205   0x0089cc    program     static                          
           ___if_lbl00209   0x008a10    program     static                          
           ___if_lbl00210   0x008a1a    program     static                          
           ___if_lbl00408   0x009b76    program     static                          
           ___if_lbl00419   0x009d32    program     static                          
           ___if_lbl00421   0x009d40    program     static                          
           ___if_lbl00424   0x009d50    program     static                          
           ___if_lbl00425   0x009d64    program     static                          
       ___return_lbl00000   0x00f282    program     static                          
       ___return_lbl00000   0x00ee2a    program     static                          
       ___return_lbl00000   0x00f3b0    program     static                          
       ___return_lbl00000   0x000004    program     static                          
       ___return_lbl00000   0x00dec6    program     static                          
       ___return_lbl00000   0x00f2a8    program     static                          
       ___return_lbl00000   0x000082    program     static                          
       ___return_lbl00000   0x00f04c    program     static                          
       ___return_lbl00000   0x00e0ea    program     static                          
       ___return_lbl00000   0x00f384    program     static                          
       ___return_lbl00000   0x00f25c    program     static                          
       ___return_lbl00000   0x00ef8a    program     static                          
       ___return_lbl00000   0x00f190    program     static                          
       ___return_lbl00001   0x00f34c    program     static                          
       ___return_lbl00002   0x00eb8a    program     static                          
       ___return_lbl00007   0x00dfd4    program     static                          
       ___return_lbl00007   0x00e1f8    program     static                          
       ___return_lbl00010   0x00e8b0    program     static                          
       ___return_lbl00011   0x00e8c0    program     static                          
       ___return_lbl00088   0x00ae26    program     static                          
       ___return_lbl00139   0x00000c    program     static                          
       ___return_lbl00140   0x00001c    program     static                          
       ___return_lbl00182   0x008a1a    program     static                          
       ___return_lbl00407   0x009d66    program     static                          
   ___switchexit_lbl00186   0x00899a    program     static                          
        ___while_lbl00001   0x00e09e    program     static                          
        ___while_lbl00001   0x00de7a    program     static                          
        ___while_lbl00002   0x00e0ea    program     static                          
        ___while_lbl00002   0x00dec6    program     static                          
        ___while_lbl00008   0x00e1ac    program     static                          
        ___while_lbl00008   0x00df88    program     static                          
        ___while_lbl00009   0x00e1f8    program     static                          
        ___while_lbl00009   0x00dfd4    program     static                          
        ___while_lbl00099   0x00a918    program     static                          
        ___while_lbl00100   0x00a93a    program     static                          
        ___while_lbl00102   0x00a956    program     static                          
        ___while_lbl00103   0x00adfe    program     static                          
        ___while_lbl00422   0x009d46    program     static                          
        ___while_lbl00423   0x009d66    program     static                          
               __config_0   0x01fff8    program     static C:\Users\Pedro\MPLABXProjects\MiWi_Rich_Features_Node1.X\HardwareProfile.c
               __config_1   0x01fff9    program     static C:\Users\Pedro\MPLABXProjects\MiWi_Rich_Features_Node1.X\HardwareProfile.c
               __config_2   0x01fffa    program     static C:\Users\Pedro\MPLABXProjects\MiWi_Rich_Features_Node1.X\HardwareProfile.c
               __config_3   0x01fffb    program     static C:\Users\Pedro\MPLABXProjects\MiWi_Rich_Features_Node1.X\HardwareProfile.c
               __config_4   0x01fffc    program     static C:\Users\Pedro\MPLABXProjects\MiWi_Rich_Features_Node1.X\HardwareProfile.c
               __config_5   0x01fffd    program     static C:\Users\Pedro\MPLABXProjects\MiWi_Rich_Features_Node1.X\HardwareProfile.c
               __config_6   0x01fffe    program     static C:\Users\Pedro\MPLABXProjects\MiWi_Rich_Features_Node1.X\HardwareProfile.c
               __config_7   0x01ffff    program     static C:\Users\Pedro\MPLABXProjects\MiWi_Rich_Features_Node1.X\HardwareProfile.c
                   __init   0x000016    program     extern E:\3.46\pic18-lt\cxx-framework\src\traditional\stdclib\__init.c
                   __pa_0   0x00b7ca    program     static E:\3.46\pic18-lt\cxx-framework\src\traditional\stdclib\vfprintf.c
                   __pa_1   0x00b7d2    program     static E:\3.46\pic18-lt\cxx-framework\src\traditional\stdclib\vfprintf.c
                  __pa_10   0x00b886    program     static E:\3.46\pic18-lt\cxx-framework\src\traditional\stdclib\vfprintf.c
                  __pa_11   0x00b894    program     static E:\3.46\pic18-lt\cxx-framework\src\traditional\stdclib\vfprintf.c
                  __pa_12   0x00b8aa    program     static E:\3.46\pic18-lt\cxx-framework\src\traditional\stdclib\vfprintf.c
                  __pa_13   0x00b8c4    program     static E:\3.46\pic18-lt\cxx-framework\src\traditional\stdclib\vfprintf.c
                  __pa_14   0x00b8dc    program     static E:\3.46\pic18-lt\cxx-framework\src\traditional\stdclib\vfprintf.c
                  __pa_15   0x00b8ec    program     static E:\3.46\pic18-lt\cxx-framework\src\traditional\stdclib\vfprintf.c
                  __pa_16   0x00b902    program     static E:\3.46\pic18-lt\cxx-framework\src\traditional\stdclib\vfprintf.c
                  __pa_17   0x00b914    program     static E:\3.46\pic18-lt\cxx-framework\src\traditional\stdclib\vfprintf.c
                  __pa_18   0x00b926    program     static E:\3.46\pic18-lt\cxx-framework\src\traditional\stdclib\vfprintf.c
                  __pa_19   0x00b930    program     static E:\3.46\pic18-lt\cxx-framework\src\traditional\stdclib\vfprintf.c
                   __pa_2   0x00b7dc    program     static E:\3.46\pic18-lt\cxx-framework\src\traditional\stdclib\vfprintf.c
                  __pa_20   0x00b940    program     static E:\3.46\pic18-lt\cxx-framework\src\traditional\stdclib\vfprintf.c
                  __pa_21   0x00b950    program     static E:\3.46\pic18-lt\cxx-framework\src\traditional\stdclib\vfprintf.c
                  __pa_22   0x00b960    program     static E:\3.46\pic18-lt\cxx-framework\src\traditional\stdclib\vfprintf.c
                  __pa_23   0x00b96c    program     static E:\3.46\pic18-lt\cxx-framework\src\traditional\stdclib\vfprintf.c
                  __pa_24   0x00b97a    program     static E:\3.46\pic18-lt\cxx-framework\src\traditional\stdclib\vfprintf.c
                  __pa_25   0x00b982    program     static E:\3.46\pic18-lt\cxx-framework\src\traditional\stdclib\vfprintf.c
                  __pa_26   0x00b98c    program     static E:\3.46\pic18-lt\cxx-framework\src\traditional\stdclib\vfprintf.c
                  __pa_27   0x00b996    program     static E:\3.46\pic18-lt\cxx-framework\src\traditional\stdclib\vfprintf.c
                  __pa_28   0x00b99e    program     static E:\3.46\pic18-lt\cxx-framework\src\traditional\stdclib\vfprintf.c
                  __pa_29   0x00b9ac    program     static E:\3.46\pic18-lt\cxx-framework\src\traditional\stdclib\vfprintf.c
                   __pa_3   0x00b7e6    program     static E:\3.46\pic18-lt\cxx-framework\src\traditional\stdclib\vfprintf.c
                  __pa_30   0x00b9c8    program     static E:\3.46\pic18-lt\cxx-framework\src\traditional\stdclib\vfprintf.c
                  __pa_31   0x00b9e2    program     static E:\3.46\pic18-lt\cxx-framework\src\traditional\stdclib\vfprintf.c
                  __pa_32   0x00b9fc    program     static E:\3.46\pic18-lt\cxx-framework\src\traditional\stdclib\vfprintf.c
                  __pa_33   0x00ba14    program     static E:\3.46\pic18-lt\cxx-framework\src\traditional\stdclib\vfprintf.c
                  __pa_34   0x00ba1e    program     static E:\3.46\pic18-lt\cxx-framework\src\traditional\stdclib\vfprintf.c
                  __pa_35   0x00ba2c    program     static E:\3.46\pic18-lt\cxx-framework\src\traditional\stdclib\vfprintf.c
                  __pa_36   0x00ba34    program     static E:\3.46\pic18-lt\cxx-framework\src\traditional\stdclib\vfprintf.c
                  __pa_37   0x00ba3e    program     static E:\3.46\pic18-lt\cxx-framework\src\traditional\stdclib\vfprintf.c
                  __pa_38   0x00ba4e    program     static E:\3.46\pic18-lt\cxx-framework\src\traditional\stdclib\vfprintf.c
                  __pa_39   0x00ba5c    program     static E:\3.46\pic18-lt\cxx-framework\src\traditional\stdclib\vfprintf.c
                   __pa_4   0x00b7fe    program     static E:\3.46\pic18-lt\cxx-framework\src\traditional\stdclib\vfprintf.c
                  __pa_40   0x00ba68    program     static E:\3.46\pic18-lt\cxx-framework\src\traditional\stdclib\vfprintf.c
                  __pa_41   0x00ba74    program     static E:\3.46\pic18-lt\cxx-framework\src\traditional\stdclib\vfprintf.c
                  __pa_42   0x00ba7c    program     static E:\3.46\pic18-lt\cxx-framework\src\traditional\stdclib\vfprintf.c
                  __pa_43   0x00ba86    program     static E:\3.46\pic18-lt\cxx-framework\src\traditional\stdclib\vfprintf.c
                  __pa_44   0x00ba8c    program     static E:\3.46\pic18-lt\cxx-framework\src\traditional\stdclib\vfprintf.c
                  __pa_45   0x00ba96    program     static E:\3.46\pic18-lt\cxx-framework\src\traditional\stdclib\vfprintf.c
                  __pa_46   0x00baa2    program     static E:\3.46\pic18-lt\cxx-framework\src\traditional\stdclib\vfprintf.c
                   __pa_5   0x00b812    program     static E:\3.46\pic18-lt\cxx-framework\src\traditional\stdclib\vfprintf.c
                   __pa_6   0x00b82e    program     static E:\3.46\pic18-lt\cxx-framework\src\traditional\stdclib\vfprintf.c
                   __pa_7   0x00b838    program     static E:\3.46\pic18-lt\cxx-framework\src\traditional\stdclib\vfprintf.c
                   __pa_8   0x00b844    program     static E:\3.46\pic18-lt\cxx-framework\src\traditional\stdclib\vfprintf.c
                   __pa_9   0x00b866    program     static E:\3.46\pic18-lt\cxx-framework\src\traditional\stdclib\vfprintf.c
               __string_0   0x00c351    program     static C:\Users\Pedro\MPLABXProjects\MiWi_Rich_Features_Node1.X\Cisternas Unison 2.0.c
               __string_0   0x00be68    program     static C:\Users\Pedro\MPLABXProjects\MiWi_Rich_Features_Node1.X\DemoOutput.c
               __string_0   0x00be99    program     static C:\Users\Pedro\MPLABXProjects\MiWi_Rich_Features_Node1.X\HardwareProfile.c
               __string_0   0x00c059    program     static C:\microchip_solutions_v2013-06-15\Microchip\WirelessProtocols\MiWiPRO\MiWiPRO.c
               __string_1   0x00be88    program     static C:\Users\Pedro\MPLABXProjects\MiWi_Rich_Features_Node1.X\HardwareProfile.c
               __string_1   0x00c044    program     static C:\microchip_solutions_v2013-06-15\Microchip\WirelessProtocols\MiWiPRO\MiWiPRO.c
               __string_1   0x00c339    program     static C:\Users\Pedro\MPLABXProjects\MiWi_Rich_Features_Node1.X\Cisternas Unison 2.0.c
               __string_1   0x00be2c    program     static C:\Users\Pedro\MPLABXProjects\MiWi_Rich_Features_Node1.X\DemoOutput.c
              __string_10   0x00bf6f    program     static C:\microchip_solutions_v2013-06-15\Microchip\WirelessProtocols\MiWiPRO\MiWiPRO.c
              __string_10   0x00c237    program     static C:\Users\Pedro\MPLABXProjects\MiWi_Rich_Features_Node1.X\Cisternas Unison 2.0.c
              __string_10   0x00bd3b    program     static C:\Users\Pedro\MPLABXProjects\MiWi_Rich_Features_Node1.X\DemoOutput.c
              __string_11   0x00c219    program     static C:\Users\Pedro\MPLABXProjects\MiWi_Rich_Features_Node1.X\Cisternas Unison 2.0.c
              __string_11   0x00bcfb    program     static C:\Users\Pedro\MPLABXProjects\MiWi_Rich_Features_Node1.X\DemoOutput.c
              __string_11   0x00bf66    program     static C:\microchip_solutions_v2013-06-15\Microchip\WirelessProtocols\MiWiPRO\MiWiPRO.c
              __string_12   0x00c1fe    program     static C:\Users\Pedro\MPLABXProjects\MiWi_Rich_Features_Node1.X\Cisternas Unison 2.0.c
              __string_12   0x00bf5e    program     static C:\microchip_solutions_v2013-06-15\Microchip\WirelessProtocols\MiWiPRO\MiWiPRO.c
              __string_12   0x00bcbd    program     static C:\Users\Pedro\MPLABXProjects\MiWi_Rich_Features_Node1.X\DemoOutput.c
              __string_13   0x00c1dc    program     static C:\Users\Pedro\MPLABXProjects\MiWi_Rich_Features_Node1.X\Cisternas Unison 2.0.c
              __string_13   0x00bf53    program     static C:\microchip_solutions_v2013-06-15\Microchip\WirelessProtocols\MiWiPRO\MiWiPRO.c
              __string_13   0x00bc7b    program     static C:\Users\Pedro\MPLABXProjects\MiWi_Rich_Features_Node1.X\DemoOutput.c
              __string_14   0x00c1c3    program     static C:\Users\Pedro\MPLABXProjects\MiWi_Rich_Features_Node1.X\Cisternas Unison 2.0.c
              __string_14   0x00bc39    program     static C:\Users\Pedro\MPLABXProjects\MiWi_Rich_Features_Node1.X\DemoOutput.c
              __string_14   0x00bf4e    program     static C:\microchip_solutions_v2013-06-15\Microchip\WirelessProtocols\MiWiPRO\MiWiPRO.c
              __string_15   0x00c1b3    program     static C:\Users\Pedro\MPLABXProjects\MiWi_Rich_Features_Node1.X\Cisternas Unison 2.0.c
              __string_15   0x00bbfd    program     static C:\Users\Pedro\MPLABXProjects\MiWi_Rich_Features_Node1.X\DemoOutput.c
              __string_15   0x00bf4b    program     static C:\microchip_solutions_v2013-06-15\Microchip\WirelessProtocols\MiWiPRO\MiWiPRO.c
              __string_16   0x00bf3b    program     static C:\microchip_solutions_v2013-06-15\Microchip\WirelessProtocols\MiWiPRO\MiWiPRO.c
              __string_16   0x00c18d    program     static C:\Users\Pedro\MPLABXProjects\MiWi_Rich_Features_Node1.X\Cisternas Unison 2.0.c
              __string_16   0x00bbf8    program     static C:\Users\Pedro\MPLABXProjects\MiWi_Rich_Features_Node1.X\DemoOutput.c
              __string_17   0x00bbd8    program     static C:\Users\Pedro\MPLABXProjects\MiWi_Rich_Features_Node1.X\DemoOutput.c
              __string_17   0x00c182    program     static C:\Users\Pedro\MPLABXProjects\MiWi_Rich_Features_Node1.X\Cisternas Unison 2.0.c
              __string_17   0x00bf10    program     static C:\microchip_solutions_v2013-06-15\Microchip\WirelessProtocols\MiWiPRO\MiWiPRO.c
              __string_18   0x00c16f    program     static C:\Users\Pedro\MPLABXProjects\MiWi_Rich_Features_Node1.X\Cisternas Unison 2.0.c
              __string_18   0x00bbba    program     static C:\Users\Pedro\MPLABXProjects\MiWi_Rich_Features_Node1.X\DemoOutput.c
              __string_18   0x00bf0d    program     static C:\microchip_solutions_v2013-06-15\Microchip\WirelessProtocols\MiWiPRO\MiWiPRO.c
              __string_19   0x00c15f    program     static C:\Users\Pedro\MPLABXProjects\MiWi_Rich_Features_Node1.X\Cisternas Unison 2.0.c
              __string_19   0x00bbb7    program     static C:\Users\Pedro\MPLABXProjects\MiWi_Rich_Features_Node1.X\DemoOutput.c
              __string_19   0x00bef6    program     static C:\microchip_solutions_v2013-06-15\Microchip\WirelessProtocols\MiWiPRO\MiWiPRO.c
               __string_2   0x00c02f    program     static C:\microchip_solutions_v2013-06-15\Microchip\WirelessProtocols\MiWiPRO\MiWiPRO.c
               __string_2   0x00c302    program     static C:\Users\Pedro\MPLABXProjects\MiWi_Rich_Features_Node1.X\Cisternas Unison 2.0.c
               __string_2   0x00be15    program     static C:\Users\Pedro\MPLABXProjects\MiWi_Rich_Features_Node1.X\DemoOutput.c
              __string_20   0x00c152    program     static C:\Users\Pedro\MPLABXProjects\MiWi_Rich_Features_Node1.X\Cisternas Unison 2.0.c
              __string_20   0x00bb98    program     static C:\Users\Pedro\MPLABXProjects\MiWi_Rich_Features_Node1.X\DemoOutput.c
              __string_20   0x00beeb    program     static C:\microchip_solutions_v2013-06-15\Microchip\WirelessProtocols\MiWiPRO\MiWiPRO.c
              __string_21   0x00c14f    program     static C:\Users\Pedro\MPLABXProjects\MiWi_Rich_Features_Node1.X\Cisternas Unison 2.0.c
              __string_21   0x00bb7b    program     static C:\Users\Pedro\MPLABXProjects\MiWi_Rich_Features_Node1.X\DemoOutput.c
              __string_21   0x00bee8    program     static C:\microchip_solutions_v2013-06-15\Microchip\WirelessProtocols\MiWiPRO\MiWiPRO.c
              __string_22   0x00bb5e    program     static C:\Users\Pedro\MPLABXProjects\MiWi_Rich_Features_Node1.X\DemoOutput.c
              __string_22   0x00bee6    program     static C:\microchip_solutions_v2013-06-15\Microchip\WirelessProtocols\MiWiPRO\MiWiPRO.c
              __string_22   0x00c14a    program     static C:\Users\Pedro\MPLABXProjects\MiWi_Rich_Features_Node1.X\Cisternas Unison 2.0.c
              __string_23   0x00c141    program     static C:\Users\Pedro\MPLABXProjects\MiWi_Rich_Features_Node1.X\Cisternas Unison 2.0.c
              __string_23   0x00bb55    program     static C:\Users\Pedro\MPLABXProjects\MiWi_Rich_Features_Node1.X\DemoOutput.c
              __string_23   0x00bed2    program     static C:\microchip_solutions_v2013-06-15\Microchip\WirelessProtocols\MiWiPRO\MiWiPRO.c
              __string_24   0x00c125    program     static C:\Users\Pedro\MPLABXProjects\MiWi_Rich_Features_Node1.X\Cisternas Unison 2.0.c
              __string_24   0x00beaa    program     static C:\microchip_solutions_v2013-06-15\Microchip\WirelessProtocols\MiWiPRO\MiWiPRO.c
              __string_24   0x00bb39    program     static C:\Users\Pedro\MPLABXProjects\MiWi_Rich_Features_Node1.X\DemoOutput.c
              __string_25   0x00c10b    program     static C:\Users\Pedro\MPLABXProjects\MiWi_Rich_Features_Node1.X\Cisternas Unison 2.0.c
              __string_25   0x00bb1f    program     static C:\Users\Pedro\MPLABXProjects\MiWi_Rich_Features_Node1.X\DemoOutput.c
              __string_26   0x00c104    program     static C:\Users\Pedro\MPLABXProjects\MiWi_Rich_Features_Node1.X\Cisternas Unison 2.0.c
              __string_26   0x00bb18    program     static C:\Users\Pedro\MPLABXProjects\MiWi_Rich_Features_Node1.X\DemoOutput.c
              __string_27   0x00bb15    program     static C:\Users\Pedro\MPLABXProjects\MiWi_Rich_Features_Node1.X\DemoOutput.c
              __string_27   0x00c0fd    program     static C:\Users\Pedro\MPLABXProjects\MiWi_Rich_Features_Node1.X\Cisternas Unison 2.0.c
              __string_28   0x00bafd    program     static C:\Users\Pedro\MPLABXProjects\MiWi_Rich_Features_Node1.X\DemoOutput.c
              __string_28   0x00c0ee    program     static C:\Users\Pedro\MPLABXProjects\MiWi_Rich_Features_Node1.X\Cisternas Unison 2.0.c
              __string_29   0x00c0e2    program     static C:\Users\Pedro\MPLABXProjects\MiWi_Rich_Features_Node1.X\Cisternas Unison 2.0.c
              __string_29   0x00bacf    program     static C:\Users\Pedro\MPLABXProjects\MiWi_Rich_Features_Node1.X\DemoOutput.c
               __string_3   0x00bdfa    program     static C:\Users\Pedro\MPLABXProjects\MiWi_Rich_Features_Node1.X\DemoOutput.c
               __string_3   0x00c00d    program     static C:\microchip_solutions_v2013-06-15\Microchip\WirelessProtocols\MiWiPRO\MiWiPRO.c
               __string_3   0x00c2f2    program     static C:\Users\Pedro\MPLABXProjects\MiWi_Rich_Features_Node1.X\Cisternas Unison 2.0.c
              __string_30   0x00babc    program     static C:\Users\Pedro\MPLABXProjects\MiWi_Rich_Features_Node1.X\DemoOutput.c
              __string_30   0x00c0d7    program     static C:\Users\Pedro\MPLABXProjects\MiWi_Rich_Features_Node1.X\Cisternas Unison 2.0.c
              __string_31   0x00baac    program     static C:\Users\Pedro\MPLABXProjects\MiWi_Rich_Features_Node1.X\DemoOutput.c
              __string_31   0x00c0c9    program     static C:\Users\Pedro\MPLABXProjects\MiWi_Rich_Features_Node1.X\Cisternas Unison 2.0.c
              __string_32   0x00c0c3    program     static C:\Users\Pedro\MPLABXProjects\MiWi_Rich_Features_Node1.X\Cisternas Unison 2.0.c
              __string_33   0x00c0b8    program     static C:\Users\Pedro\MPLABXProjects\MiWi_Rich_Features_Node1.X\Cisternas Unison 2.0.c
              __string_34   0x00c0ae    program     static C:\Users\Pedro\MPLABXProjects\MiWi_Rich_Features_Node1.X\Cisternas Unison 2.0.c
              __string_35   0x00c0a3    program     static C:\Users\Pedro\MPLABXProjects\MiWi_Rich_Features_Node1.X\Cisternas Unison 2.0.c
              __string_36   0x00c098    program     static C:\Users\Pedro\MPLABXProjects\MiWi_Rich_Features_Node1.X\Cisternas Unison 2.0.c
              __string_37   0x00c08c    program     static C:\Users\Pedro\MPLABXProjects\MiWi_Rich_Features_Node1.X\Cisternas Unison 2.0.c
              __string_38   0x00c081    program     static C:\Users\Pedro\MPLABXProjects\MiWi_Rich_Features_Node1.X\Cisternas Unison 2.0.c
              __string_39   0x00c078    program     static C:\Users\Pedro\MPLABXProjects\MiWi_Rich_Features_Node1.X\Cisternas Unison 2.0.c
               __string_4   0x00bfef    program     static C:\microchip_solutions_v2013-06-15\Microchip\WirelessProtocols\MiWiPRO\MiWiPRO.c
               __string_4   0x00c2f0    program     static C:\Users\Pedro\MPLABXProjects\MiWi_Rich_Features_Node1.X\Cisternas Unison 2.0.c
               __string_4   0x00bddf    program     static C:\Users\Pedro\MPLABXProjects\MiWi_Rich_Features_Node1.X\DemoOutput.c
              __string_40   0x00c075    program     static C:\Users\Pedro\MPLABXProjects\MiWi_Rich_Features_Node1.X\Cisternas Unison 2.0.c
              __string_41   0x00c070    program     static C:\Users\Pedro\MPLABXProjects\MiWi_Rich_Features_Node1.X\Cisternas Unison 2.0.c
               __string_5   0x00bfdf    program     static C:\microchip_solutions_v2013-06-15\Microchip\WirelessProtocols\MiWiPRO\MiWiPRO.c
               __string_5   0x00c2db    program     static C:\Users\Pedro\MPLABXProjects\MiWi_Rich_Features_Node1.X\Cisternas Unison 2.0.c
               __string_5   0x00bdc7    program     static C:\Users\Pedro\MPLABXProjects\MiWi_Rich_Features_Node1.X\DemoOutput.c
               __string_6   0x00bfd0    program     static C:\microchip_solutions_v2013-06-15\Microchip\WirelessProtocols\MiWiPRO\MiWiPRO.c
               __string_6   0x00bda5    program     static C:\Users\Pedro\MPLABXProjects\MiWi_Rich_Features_Node1.X\DemoOutput.c
               __string_6   0x00c2c0    program     static C:\Users\Pedro\MPLABXProjects\MiWi_Rich_Features_Node1.X\Cisternas Unison 2.0.c
               __string_7   0x00bfc6    program     static C:\microchip_solutions_v2013-06-15\Microchip\WirelessProtocols\MiWiPRO\MiWiPRO.c
               __string_7   0x00bd8b    program     static C:\Users\Pedro\MPLABXProjects\MiWi_Rich_Features_Node1.X\DemoOutput.c
               __string_7   0x00c28c    program     static C:\Users\Pedro\MPLABXProjects\MiWi_Rich_Features_Node1.X\Cisternas Unison 2.0.c
               __string_8   0x00bfba    program     static C:\microchip_solutions_v2013-06-15\Microchip\WirelessProtocols\MiWiPRO\MiWiPRO.c
               __string_8   0x00bd71    program     static C:\Users\Pedro\MPLABXProjects\MiWi_Rich_Features_Node1.X\DemoOutput.c
               __string_8   0x00c277    program     static C:\Users\Pedro\MPLABXProjects\MiWi_Rich_Features_Node1.X\Cisternas Unison 2.0.c
               __string_9   0x00c254    program     static C:\Users\Pedro\MPLABXProjects\MiWi_Rich_Features_Node1.X\Cisternas Unison 2.0.c
               __string_9   0x00bd52    program     static C:\Users\Pedro\MPLABXProjects\MiWi_Rich_Features_Node1.X\DemoOutput.c
               __string_9   0x00bf72    program     static C:\microchip_solutions_v2013-06-15\Microchip\WirelessProtocols\MiWiPRO\MiWiPRO.c
               __tmplbl_0   0x00de76    program     static                          
               __tmplbl_0   0x00e09a    program     static                          
               __tmplbl_1   0x00dea8    program     static                          
               __tmplbl_1   0x00e0cc    program     static                          
              __tmplbl_10   0x00a906    program     static                          
             __tmplbl_100   0x002d02    program     static                          
             __tmplbl_102   0x002d02    program     static                          
             __tmplbl_103   0x002d02    program     static                          
             __tmplbl_106   0x001a6e    program     static                          
             __tmplbl_107   0x001a6e    program     static                          
             __tmplbl_108   0x001a6e    program     static                          
             __tmplbl_109   0x001a6e    program     static                          
              __tmplbl_11   0x00a8f0    program     static                          
             __tmplbl_111   0x0019fe    program     static                          
             __tmplbl_112   0x0019c4    program     static                          
             __tmplbl_113   0x0019be    program     static                          
             __tmplbl_114   0x00196a    program     static                          
             __tmplbl_115   0x00189c    program     static                          
             __tmplbl_116   0x001874    program     static                          
             __tmplbl_117   0x001800    program     static                          
             __tmplbl_118   0x0017a4    program     static                          
             __tmplbl_119   0x00173a    program     static                          
[...]
               TXSTA2bits   0x000fa8       data     extern E:\3.46\pic18-lt\cxx-framework\src\traditional\proc\p18f47j13.asm
                   TXSTA2   0x000fa8       data     extern E:\3.46\pic18-lt\cxx-framework\src\traditional\proc\p18f47j13.asm
                   TXREG2   0x000fa9       data     extern E:\3.46\pic18-lt\cxx-framework\src\traditional\proc\p18f47j13.asm
                   RCREG2   0x000faa       data     extern E:\3.46\pic18-lt\cxx-framework\src\traditional\proc\p18f47j13.asm
                   SPBRG2   0x000fab       data     extern E:\3.46\pic18-lt\cxx-framework\src\traditional\proc\p18f47j13.asm
               RCSTA1bits   0x000fac       data     extern E:\3.46\pic18-lt\cxx-framework\src\traditional\proc\p18f47j13.asm
                   RCSTA1   0x000fac       data     extern E:\3.46\pic18-lt\cxx-framework\src\traditional\proc\p18f47j13.asm
                RCSTAbits   0x000fac       data     extern E:\3.46\pic18-lt\cxx-framework\src\traditional\proc\p18f47j13.asm
                    RCSTA   0x000fac       data     extern E:\3.46\pic18-lt\cxx-framework\src\traditional\proc\p18f47j13.asm
                    TXSTA   0x000fad       data     extern E:\3.46\pic18-lt\cxx-framework\src\traditional\proc\p18f47j13.asm
                   TXSTA1   0x000fad       data     extern E:\3.46\pic18-lt\cxx-framework\src\traditional\proc\p18f47j13.asm
                TXSTAbits   0x000fad       data     extern E:\3.46\pic18-lt\cxx-framework\src\traditional\proc\p18f47j13.asm
               TXSTA1bits   0x000fad       data     extern E:\3.46\pic18-lt\cxx-framework\src\traditional\proc\p18f47j13.asm
                   TXREG1   0x000fae       data     extern E:\3.46\pic18-lt\cxx-framework\src\traditional\proc\p18f47j13.asm
                    TXREG   0x000fae       data     extern E:\3.46\pic18-lt\cxx-framework\src\traditional\proc\p18f47j13.asm
                    RCREG   0x000faf       data     extern E:\3.46\pic18-lt\cxx-framework\src\traditional\proc\p18f47j13.asm
                   RCREG1   0x000faf       data     extern E:\3.46\pic18-lt\cxx-framework\src\traditional\proc\p18f47j13.asm
                   SPBRG1   0x000fb0       data     extern E:\3.46\pic18-lt\cxx-framework\src\traditional\proc\p18f47j13.asm
                    SPBRG   0x000fb0       data     extern E:\3.46\pic18-lt\cxx-framework\src\traditional\proc\p18f47j13.asm
             CTMUICONbits   0x000fb1       data     extern E:\3.46\pic18-lt\cxx-framework\src\traditional\proc\p18f47j13.asm
                 CTMUICON   0x000fb1       data     extern E:\3.46\pic18-lt\cxx-framework\src\traditional\proc\p18f47j13.asm
                 CTMUCONL   0x000fb2       data     extern E:\3.46\pic18-lt\cxx-framework\src\traditional\proc\p18f47j13.asm
             CTMUCONLbits   0x000fb2       data     extern E:\3.46\pic18-lt\cxx-framework\src\traditional\proc\p18f47j13.asm
             CTMUCONHbits   0x000fb3       data     extern E:\3.46\pic18-lt\cxx-framework\src\traditional\proc\p18f47j13.asm
                 CTMUCONH   0x000fb3       data     extern E:\3.46\pic18-lt\cxx-framework\src\traditional\proc\p18f47j13.asm
              CCP2CONbits   0x000fb4       data     extern E:\3.46\pic18-lt\cxx-framework\src\traditional\proc\p18f47j13.asm
             ECCP2CONbits   0x000fb4       data     extern E:\3.46\pic18-lt\cxx-framework\src\traditional\proc\p18f47j13.asm
                 ECCP2CON   0x000fb4       data     extern E:\3.46\pic18-lt\cxx-framework\src\traditional\proc\p18f47j13.asm
                  CCP2CON   0x000fb4       data     extern E:\3.46\pic18-lt\cxx-framework\src\traditional\proc\p18f47j13.asm
                    CCPR2   0x000fb5       data     extern E:\3.46\pic18-lt\cxx-framework\src\traditional\proc\p18f47j13.asm
                   CCPR2L   0x000fb5       data     extern E:\3.46\pic18-lt\cxx-framework\src\traditional\proc\p18f47j13.asm
                   CCPR2H   0x000fb6       data     extern E:\3.46\pic18-lt\cxx-framework\src\traditional\proc\p18f47j13.asm
                 ECCP2DEL   0x000fb7       data     extern E:\3.46\pic18-lt\cxx-framework\src\traditional\proc\p18f47j13.asm
             ECCP2DELbits   0x000fb7       data     extern E:\3.46\pic18-lt\cxx-framework\src\traditional\proc\p18f47j13.asm
                  PWM2CON   0x000fb7       data     extern E:\3.46\pic18-lt\cxx-framework\src\traditional\proc\p18f47j13.asm
              PWM2CONbits   0x000fb7       data     extern E:\3.46\pic18-lt\cxx-framework\src\traditional\proc\p18f47j13.asm
              ECCP2ASbits   0x000fb8       data     extern E:\3.46\pic18-lt\cxx-framework\src\traditional\proc\p18f47j13.asm
                  ECCP2AS   0x000fb8       data     extern E:\3.46\pic18-lt\cxx-framework\src\traditional\proc\p18f47j13.asm
                 PSTR2CON   0x000fb9       data     extern E:\3.46\pic18-lt\cxx-framework\src\traditional\proc\p18f47j13.asm
             PSTR2CONbits   0x000fb9       data     extern E:\3.46\pic18-lt\cxx-framework\src\traditional\proc\p18f47j13.asm
              CCP1CONbits   0x000fba       data     extern E:\3.46\pic18-lt\cxx-framework\src\traditional\proc\p18f47j13.asm
                  CCP1CON   0x000fba       data     extern E:\3.46\pic18-lt\cxx-framework\src\traditional\proc\p18f47j13.asm
             ECCP1CONbits   0x000fba       data     extern E:\3.46\pic18-lt\cxx-framework\src\traditional\proc\p18f47j13.asm
                 ECCP1CON   0x000fba       data     extern E:\3.46\pic18-lt\cxx-framework\src\traditional\proc\p18f47j13.asm
                    CCPR1   0x000fbb       data     extern E:\3.46\pic18-lt\cxx-framework\src\traditional\proc\p18f47j13.asm
                   CCPR1L   0x000fbb       data     extern E:\3.46\pic18-lt\cxx-framework\src\traditional\proc\p18f47j13.asm
                   CCPR1H   0x000fbc       data     extern E:\3.46\pic18-lt\cxx-framework\src\traditional\proc\p18f47j13.asm
                 ECCP1DEL   0x000fbd       data     extern E:\3.46\pic18-lt\cxx-framework\src\traditional\proc\p18f47j13.asm
             ECCP1DELbits   0x000fbd       data     extern E:\3.46\pic18-lt\cxx-framework\src\traditional\proc\p18f47j13.asm
              PWM1CONbits   0x000fbd       data     extern E:\3.46\pic18-lt\cxx-framework\src\traditional\proc\p18f47j13.asm
                  PWM1CON   0x000fbd       data     extern E:\3.46\pic18-lt\cxx-framework\src\traditional\proc\p18f47j13.asm
              ECCP1ASbits   0x000fbe       data     extern E:\3.46\pic18-lt\cxx-framework\src\traditional\proc\p18f47j13.asm
                  ECCP1AS   0x000fbe       data     extern E:\3.46\pic18-lt\cxx-framework\src\traditional\proc\p18f47j13.asm
             PSTR1CONbits   0x000fbf       data     extern E:\3.46\pic18-lt\cxx-framework\src\traditional\proc\p18f47j13.asm
                 PSTR1CON   0x000fbf       data     extern E:\3.46\pic18-lt\cxx-framework\src\traditional\proc\p18f47j13.asm
               WDTCONbits   0x000fc0       data     extern E:\3.46\pic18-lt\cxx-framework\src\traditional\proc\p18f47j13.asm
                   WDTCON   0x000fc0       data     extern E:\3.46\pic18-lt\cxx-framework\src\traditional\proc\p18f47j13.asm
               ADCON1bits   0x000fc1       data     extern E:\3.46\pic18-lt\cxx-framework\src\traditional\proc\p18f47j13.asm
                   ADCON1   0x000fc1       data     extern E:\3.46\pic18-lt\cxx-framework\src\traditional\proc\p18f47j13.asm
                   ADCON0   0x000fc2       data     extern E:\3.46\pic18-lt\cxx-framework\src\traditional\proc\p18f47j13.asm
               ADCON0bits   0x000fc2       data     extern E:\3.46\pic18-lt\cxx-framework\src\traditional\proc\p18f47j13.asm
                    ADRES   0x000fc3       data     extern E:\3.46\pic18-lt\cxx-framework\src\traditional\proc\p18f47j13.asm
                   ADRESL   0x000fc3       data     extern E:\3.46\pic18-lt\cxx-framework\src\traditional\proc\p18f47j13.asm
                   ADRESH   0x000fc4       data     extern E:\3.46\pic18-lt\cxx-framework\src\traditional\proc\p18f47j13.asm
                 SSP1CON2   0x000fc5       data     extern E:\3.46\pic18-lt\cxx-framework\src\traditional\proc\p18f47j13.asm
             SSP1CON2bits   0x000fc5       data     extern E:\3.46\pic18-lt\cxx-framework\src\traditional\proc\p18f47j13.asm
              SSPCON2bits   0x000fc5       data     extern E:\3.46\pic18-lt\cxx-framework\src\traditional\proc\p18f47j13.asm
                  SSPCON2   0x000fc5       data     extern E:\3.46\pic18-lt\cxx-framework\src\traditional\proc\p18f47j13.asm
                 SSP1CON1   0x000fc6       data     extern E:\3.46\pic18-lt\cxx-framework\src\traditional\proc\p18f47j13.asm
             SSP1CON1bits   0x000fc6       data     extern E:\3.46\pic18-lt\cxx-framework\src\traditional\proc\p18f47j13.asm
              SSPCON1bits   0x000fc6       data     extern E:\3.46\pic18-lt\cxx-framework\src\traditional\proc\p18f47j13.asm
                  SSPCON1   0x000fc6       data     extern E:\3.46\pic18-lt\cxx-framework\src\traditional\proc\p18f47j13.asm
              SSPSTATbits   0x000fc7       data     extern E:\3.46\pic18-lt\cxx-framework\src\traditional\proc\p18f47j13.asm
                  SSPSTAT   0x000fc7       data     extern E:\3.46\pic18-lt\cxx-framework\src\traditional\proc\p18f47j13.asm
             SSP1STATbits   0x000fc7       data     extern E:\3.46\pic18-lt\cxx-framework\src\traditional\proc\p18f47j13.asm
                 SSP1STAT   0x000fc7       data     extern E:\3.46\pic18-lt\cxx-framework\src\traditional\proc\p18f47j13.asm
                   SSPADD   0x000fc8       data     extern E:\3.46\pic18-lt\cxx-framework\src\traditional\proc\p18f47j13.asm
              SSP1MSKbits   0x000fc8       data     extern E:\3.46\pic18-lt\cxx-framework\src\traditional\proc\p18f47j13.asm
                  SSP1MSK   0x000fc8       data     extern E:\3.46\pic18-lt\cxx-framework\src\traditional\proc\p18f47j13.asm
                  SSP1ADD   0x000fc8       data     extern E:\3.46\pic18-lt\cxx-framework\src\traditional\proc\p18f47j13.asm
                   SSPBUF   0x000fc9       data     extern E:\3.46\pic18-lt\cxx-framework\src\traditional\proc\p18f47j13.asm
                  SSP1BUF   0x000fc9       data     extern E:\3.46\pic18-lt\cxx-framework\src\traditional\proc\p18f47j13.asm
                    T2CON   0x000fca       data     extern E:\3.46\pic18-lt\cxx-framework\src\traditional\proc\p18f47j13.asm
                T2CONbits   0x000fca       data     extern E:\3.46\pic18-lt\cxx-framework\src\traditional\proc\p18f47j13.asm
                      PR2   0x000fcb       data     extern E:\3.46\pic18-lt\cxx-framework\src\traditional\proc\p18f47j13.asm
                     TMR2   0x000fcc       data     extern E:\3.46\pic18-lt\cxx-framework\src\traditional\proc\p18f47j13.asm
                    T1CON   0x000fcd       data     extern E:\3.46\pic18-lt\cxx-framework\src\traditional\proc\p18f47j13.asm
                T1CONbits   0x000fcd       data     extern E:\3.46\pic18-lt\cxx-framework\src\traditional\proc\p18f47j13.asm
                    TMR1L   0x000fce       data     extern E:\3.46\pic18-lt\cxx-framework\src\traditional\proc\p18f47j13.asm
                    TMR1H   0x000fcf       data     extern E:\3.46\pic18-lt\cxx-framework\src\traditional\proc\p18f47j13.asm
                 RCONbits   0x000fd0       data     extern E:\3.46\pic18-lt\cxx-framework\src\traditional\proc\p18f47j13.asm
                     RCON   0x000fd0       data     extern E:\3.46\pic18-lt\cxx-framework\src\traditional\proc\p18f47j13.asm
                  CM2CON1   0x000fd1       data     extern E:\3.46\pic18-lt\cxx-framework\src\traditional\proc\p18f47j13.asm
                   CM2CON   0x000fd1       data     extern E:\3.46\pic18-lt\cxx-framework\src\traditional\proc\p18f47j13.asm
               CM2CONbits   0x000fd1       data     extern E:\3.46\pic18-lt\cxx-framework\src\traditional\proc\p18f47j13.asm
              CM2CON1bits   0x000fd1       data     extern E:\3.46\pic18-lt\cxx-framework\src\traditional\proc\p18f47j13.asm
                   CM1CON   0x000fd2       data     extern E:\3.46\pic18-lt\cxx-framework\src\traditional\proc\p18f47j13.asm
                  CM1CON1   0x000fd2       data     extern E:\3.46\pic18-lt\cxx-framework\src\traditional\proc\p18f47j13.asm
              CM1CON1bits   0x000fd2       data     extern E:\3.46\pic18-lt\cxx-framework\src\traditional\proc\p18f47j13.asm
               CM1CONbits   0x000fd2       data     extern E:\3.46\pic18-lt\cxx-framework\src\traditional\proc\p18f47j13.asm
                   OSCCON   0x000fd3       data     extern E:\3.46\pic18-lt\cxx-framework\src\traditional\proc\p18f47j13.asm
               OSCCONbits   0x000fd3       data     extern E:\3.46\pic18-lt\cxx-framework\src\traditional\proc\p18f47j13.asm
                T0CONbits   0x000fd5       data     extern E:\3.46\pic18-lt\cxx-framework\src\traditional\proc\p18f47j13.asm
                    T0CON   0x000fd5       data     extern E:\3.46\pic18-lt\cxx-framework\src\traditional\proc\p18f47j13.asm
                    TMR0L   0x000fd6       data     extern E:\3.46\pic18-lt\cxx-framework\src\traditional\proc\p18f47j13.asm
                    TMR0H   0x000fd7       data     extern E:\3.46\pic18-lt\cxx-framework\src\traditional\proc\p18f47j13.asm
               STATUSbits   0x000fd8       data     extern E:\3.46\pic18-lt\cxx-framework\src\traditional\proc\p18f47j13.asm
                   STATUS   0x000fd8       data     extern E:\3.46\pic18-lt\cxx-framework\src\traditional\proc\p18f47j13.asm
                     FSR2   0x000fd9       data     extern E:\3.46\pic18-lt\cxx-framework\src\traditional\proc\p18f47j13.asm
                    FSR2L   0x000fd9       data     extern E:\3.46\pic18-lt\cxx-framework\src\traditional\proc\p18f47j13.asm
                    FSR2H   0x000fda       data     extern E:\3.46\pic18-lt\cxx-framework\src\traditional\proc\p18f47j13.asm
                   PLUSW2   0x000fdb       data     extern E:\3.46\pic18-lt\cxx-framework\src\traditional\proc\p18f47j13.asm
                  PREINC2   0x000fdc       data     extern E:\3.46\pic18-lt\cxx-framework\src\traditional\proc\p18f47j13.asm
                 POSTDEC2   0x000fdd       data     extern E:\3.46\pic18-lt\cxx-framework\src\traditional\proc\p18f47j13.asm
                 POSTINC2   0x000fde       data     extern E:\3.46\pic18-lt\cxx-framework\src\traditional\proc\p18f47j13.asm
                    INDF2   0x000fdf       data     extern E:\3.46\pic18-lt\cxx-framework\src\traditional\proc\p18f47j13.asm
                      BSR   0x000fe0       data     extern E:\3.46\pic18-lt\cxx-framework\src\traditional\proc\p18f47j13.asm
                    FSR1L   0x000fe1       data     extern E:\3.46\pic18-lt\cxx-framework\src\traditional\proc\p18f47j13.asm
                     FSR1   0x000fe1       data     extern E:\3.46\pic18-lt\cxx-framework\src\traditional\proc\p18f47j13.asm
                    FSR1H   0x000fe2       data     extern E:\3.46\pic18-lt\cxx-framework\src\traditional\proc\p18f47j13.asm
                   PLUSW1   0x000fe3       data     extern E:\3.46\pic18-lt\cxx-framework\src\traditional\proc\p18f47j13.asm
                  PREINC1   0x000fe4       data     extern E:\3.46\pic18-lt\cxx-framework\src\traditional\proc\p18f47j13.asm
                 POSTDEC1   0x000fe5       data     extern E:\3.46\pic18-lt\cxx-framework\src\traditional\proc\p18f47j13.asm
                 POSTINC1   0x000fe6       data     extern E:\3.46\pic18-lt\cxx-framework\src\traditional\proc\p18f47j13.asm
                    INDF1   0x000fe7       data     extern E:\3.46\pic18-lt\cxx-framework\src\traditional\proc\p18f47j13.asm
                     WREG   0x000fe8       data     extern E:\3.46\pic18-lt\cxx-framework\src\traditional\proc\p18f47j13.asm
                     FSR0   0x000fe9       data     extern E:\3.46\pic18-lt\cxx-framework\src\traditional\proc\p18f47j13.asm
                    FSR0L   0x000fe9       data     extern E:\3.46\pic18-lt\cxx-framework\src\traditional\proc\p18f47j13.asm
                    FSR0H   0x000fea       data     extern E:\3.46\pic18-lt\cxx-framework\src\traditional\proc\p18f47j13.asm
                   PLUSW0   0x000feb       data     extern E:\3.46\pic18-lt\cxx-framework\src\traditional\proc\p18f47j13.asm
                  PREINC0   0x000fec       data     extern E:\3.46\pic18-lt\cxx-framework\src\traditional\proc\p18f47j13.asm
                 POSTDEC0   0x000fed       data     extern E:\3.46\pic18-lt\cxx-framework\src\traditional\proc\p18f47j13.asm
                 POSTINC0   0x000fee       data     extern E:\3.46\pic18-lt\cxx-framework\src\traditional\proc\p18f47j13.asm
                    INDF0   0x000fef       data     extern E:\3.46\pic18-lt\cxx-framework\src\traditional\proc\p18f47j13.asm
              INTCON3bits   0x000ff0       data     extern E:\3.46\pic18-lt\cxx-framework\src\traditional\proc\p18f47j13.asm
                  INTCON3   0x000ff0       data     extern E:\3.46\pic18-lt\cxx-framework\src\traditional\proc\p18f47j13.asm
              INTCON2bits   0x000ff1       data     extern E:\3.46\pic18-lt\cxx-framework\src\traditional\proc\p18f47j13.asm
                  INTCON2   0x000ff1       data     extern E:\3.46\pic18-lt\cxx-framework\src\traditional\proc\p18f47j13.asm
                   INTCON   0x000ff2       data     extern E:\3.46\pic18-lt\cxx-framework\src\traditional\proc\p18f47j13.asm
               INTCONbits   0x000ff2       data     extern E:\3.46\pic18-lt\cxx-framework\src\traditional\proc\p18f47j13.asm
                     PROD   0x000ff3       data     extern E:\3.46\pic18-lt\cxx-framework\src\traditional\proc\p18f47j13.asm
                    PRODL   0x000ff3       data     extern E:\3.46\pic18-lt\cxx-framework\src\traditional\proc\p18f47j13.asm
                    PRODH   0x000ff4       data     extern E:\3.46\pic18-lt\cxx-framework\src\traditional\proc\p18f47j13.asm
                   TABLAT   0x000ff5       data     extern E:\3.46\pic18-lt\cxx-framework\src\traditional\proc\p18f47j13.asm
                  TBLPTRL   0x000ff6       data     extern E:\3.46\pic18-lt\cxx-framework\src\traditional\proc\p18f47j13.asm
                   TBLPTR   0x000ff6       data     extern E:\3.46\pic18-lt\cxx-framework\src\traditional\proc\p18f47j13.asm
                  TBLPTRH   0x000ff7       data     extern E:\3.46\pic18-lt\cxx-framework\src\traditional\proc\p18f47j13.asm
                  TBLPTRU   0x000ff8       data     extern E:\3.46\pic18-lt\cxx-framework\src\traditional\proc\p18f47j13.asm
                      PCL   0x000ff9       data     extern E:\3.46\pic18-lt\cxx-framework\src\traditional\proc\p18f47j13.asm
                       PC   0x000ff9       data     extern E:\3.46\pic18-lt\cxx-framework\src\traditional\proc\p18f47j13.asm
                   PCLATH   0x000ffa       data     extern E:\3.46\pic18-lt\cxx-framework\src\traditional\proc\p18f47j13.asm
                   PCLATU   0x000ffb       data     extern E:\3.46\pic18-lt\cxx-framework\src\traditional\proc\p18f47j13.asm
               STKPTRbits   0x000ffc       data     extern E:\3.46\pic18-lt\cxx-framework\src\traditional\proc\p18f47j13.asm
                   STKPTR   0x000ffc       data     extern E:\3.46\pic18-lt\cxx-framework\src\traditional\proc\p18f47j13.asm
                      TOS   0x000ffd       data     extern E:\3.46\pic18-lt\cxx-framework\src\traditional\proc\p18f47j13.asm
                     TOSL   0x000ffd       data     extern E:\3.46\pic18-lt\cxx-framework\src\traditional\proc\p18f47j13.asm
                     TOSH   0x000ffe       data     extern E:\3.46\pic18-lt\cxx-framework\src\traditional\proc\p18f47j13.asm
                     TOSU   0x000fff       data     extern E:\3.46\pic18-lt\cxx-framework\src\traditional\proc\p18f47j13.asm


